Archive member included to satisfy reference by file (symbol)

c:/users/omar/appdata/roaming/xpacks/@xpack-dev-tools/arm-none-eabi-gcc/10.3.1-2.3.1/.content/bin/../lib/gcc/arm-none-eabi/10.3.1/thumb/v7e-m+fp/softfp\libgcc.a(_aeabi_uldivmod.o)
                              ./system/src/stm32f4-hal/stm32f4xx_hal_rcc.o (__aeabi_uldivmod)
c:/users/omar/appdata/roaming/xpacks/@xpack-dev-tools/arm-none-eabi-gcc/10.3.1-2.3.1/.content/bin/../lib/gcc/arm-none-eabi/10.3.1/thumb/v7e-m+fp/softfp\libgcc.a(_udivmoddi4.o)
                              c:/users/omar/appdata/roaming/xpacks/@xpack-dev-tools/arm-none-eabi-gcc/10.3.1-2.3.1/.content/bin/../lib/gcc/arm-none-eabi/10.3.1/thumb/v7e-m+fp/softfp\libgcc.a(_aeabi_uldivmod.o) (__udivmoddi4)
c:/users/omar/appdata/roaming/xpacks/@xpack-dev-tools/arm-none-eabi-gcc/10.3.1-2.3.1/.content/bin/../lib/gcc/arm-none-eabi/10.3.1/thumb/v7e-m+fp/softfp\libgcc.a(_dvmd_tls.o)
                              c:/users/omar/appdata/roaming/xpacks/@xpack-dev-tools/arm-none-eabi-gcc/10.3.1-2.3.1/.content/bin/../lib/gcc/arm-none-eabi/10.3.1/thumb/v7e-m+fp/softfp\libgcc.a(_aeabi_uldivmod.o) (__aeabi_ldiv0)
c:/users/omar/appdata/roaming/xpacks/@xpack-dev-tools/arm-none-eabi-gcc/10.3.1-2.3.1/.content/bin/../lib/gcc/arm-none-eabi/10.3.1/../../../../arm-none-eabi/lib/thumb/v7e-m+fp/softfp\libg_nano.a(lib_a-ctype_.o)
                              ./system/src/newlib/syscalls.o (_ctype_)
c:/users/omar/appdata/roaming/xpacks/@xpack-dev-tools/arm-none-eabi-gcc/10.3.1-2.3.1/.content/bin/../lib/gcc/arm-none-eabi/10.3.1/../../../../arm-none-eabi/lib/thumb/v7e-m+fp/softfp\libg_nano.a(lib_a-errno.o)
                              ./system/src/newlib/sbrk.o (__errno)
c:/users/omar/appdata/roaming/xpacks/@xpack-dev-tools/arm-none-eabi-gcc/10.3.1-2.3.1/.content/bin/../lib/gcc/arm-none-eabi/10.3.1/../../../../arm-none-eabi/lib/thumb/v7e-m+fp/softfp\libg_nano.a(lib_a-findfp.o)
                              ./system/src/newlib/syscalls.o (__sinit)
c:/users/omar/appdata/roaming/xpacks/@xpack-dev-tools/arm-none-eabi-gcc/10.3.1-2.3.1/.content/bin/../lib/gcc/arm-none-eabi/10.3.1/../../../../arm-none-eabi/lib/thumb/v7e-m+fp/softfp\libg_nano.a(lib_a-fwalk.o)
                              c:/users/omar/appdata/roaming/xpacks/@xpack-dev-tools/arm-none-eabi-gcc/10.3.1-2.3.1/.content/bin/../lib/gcc/arm-none-eabi/10.3.1/../../../../arm-none-eabi/lib/thumb/v7e-m+fp/softfp\libg_nano.a(lib_a-findfp.o) (_fwalk)
c:/users/omar/appdata/roaming/xpacks/@xpack-dev-tools/arm-none-eabi-gcc/10.3.1-2.3.1/.content/bin/../lib/gcc/arm-none-eabi/10.3.1/../../../../arm-none-eabi/lib/thumb/v7e-m+fp/softfp\libg_nano.a(lib_a-impure.o)
                              c:/users/omar/appdata/roaming/xpacks/@xpack-dev-tools/arm-none-eabi-gcc/10.3.1-2.3.1/.content/bin/../lib/gcc/arm-none-eabi/10.3.1/../../../../arm-none-eabi/lib/thumb/v7e-m+fp/softfp\libg_nano.a(lib_a-findfp.o) (_global_impure_ptr)
c:/users/omar/appdata/roaming/xpacks/@xpack-dev-tools/arm-none-eabi-gcc/10.3.1-2.3.1/.content/bin/../lib/gcc/arm-none-eabi/10.3.1/../../../../arm-none-eabi/lib/thumb/v7e-m+fp/softfp\libg_nano.a(lib_a-lock.o)
                              c:/users/omar/appdata/roaming/xpacks/@xpack-dev-tools/arm-none-eabi-gcc/10.3.1-2.3.1/.content/bin/../lib/gcc/arm-none-eabi/10.3.1/../../../../arm-none-eabi/lib/thumb/v7e-m+fp/softfp\libg_nano.a(lib_a-findfp.o) (__retarget_lock_init_recursive)
c:/users/omar/appdata/roaming/xpacks/@xpack-dev-tools/arm-none-eabi-gcc/10.3.1-2.3.1/.content/bin/../lib/gcc/arm-none-eabi/10.3.1/../../../../arm-none-eabi/lib/thumb/v7e-m+fp/softfp\libg_nano.a(lib_a-memcpy-stub.o)
                              ./FreeRTOS Source/queue.o (memcpy)
c:/users/omar/appdata/roaming/xpacks/@xpack-dev-tools/arm-none-eabi-gcc/10.3.1-2.3.1/.content/bin/../lib/gcc/arm-none-eabi/10.3.1/../../../../arm-none-eabi/lib/thumb/v7e-m+fp/softfp\libg_nano.a(lib_a-memset.o)
                              ./system/src/newlib/syscalls.o (memset)
c:/users/omar/appdata/roaming/xpacks/@xpack-dev-tools/arm-none-eabi-gcc/10.3.1-2.3.1/.content/bin/../lib/gcc/arm-none-eabi/10.3.1/../../../../arm-none-eabi/lib/thumb/v7e-m+fp/softfp\libg_nano.a(lib_a-nano-mallocr.o)
                              c:/users/omar/appdata/roaming/xpacks/@xpack-dev-tools/arm-none-eabi-gcc/10.3.1-2.3.1/.content/bin/../lib/gcc/arm-none-eabi/10.3.1/../../../../arm-none-eabi/lib/thumb/v7e-m+fp/softfp\libg_nano.a(lib_a-findfp.o) (_malloc_r)
c:/users/omar/appdata/roaming/xpacks/@xpack-dev-tools/arm-none-eabi-gcc/10.3.1-2.3.1/.content/bin/../lib/gcc/arm-none-eabi/10.3.1/../../../../arm-none-eabi/lib/thumb/v7e-m+fp/softfp\libg_nano.a(lib_a-sbrkr.o)
                              c:/users/omar/appdata/roaming/xpacks/@xpack-dev-tools/arm-none-eabi-gcc/10.3.1-2.3.1/.content/bin/../lib/gcc/arm-none-eabi/10.3.1/../../../../arm-none-eabi/lib/thumb/v7e-m+fp/softfp\libg_nano.a(lib_a-nano-mallocr.o) (_sbrk_r)
[...]
Memory Configuration

Name             Origin             Length             Attributes
RAM              0x0000000020000000 0x0000000000020000 xrw
CCMRAM           0x0000000010000000 0x0000000000010000 xrw
FLASH            0x0000000008000000 0x0000000000100000 xr
FLASHB1          0x0000000000000000 0x0000000000000000 xr
EXTMEMB0         0x0000000000000000 0x0000000000000000 xr
EXTMEMB1         0x0000000000000000 0x0000000000000000 xr
EXTMEMB2         0x0000000000000000 0x0000000000000000 xr
EXTMEMB3         0x0000000000000000 0x0000000000000000 xr
MEMORY_ARRAY     0x0000000020002000 0x0000000000000020 xrw
*default*        0x0000000000000000 0xffffffffffffffff

Linker script and memory map

LOAD ./system/src/stm32f4-hal/stm32f4xx_hal.o
LOAD ./system/src/stm32f4-hal/stm32f4xx_hal_cortex.o
LOAD ./system/src/stm32f4-hal/stm32f4xx_hal_flash.o
LOAD ./system/src/stm32f4-hal/stm32f4xx_hal_flash_ex.o
LOAD ./system/src/stm32f4-hal/stm32f4xx_hal_flash_ramfunc.o
LOAD ./system/src/stm32f4-hal/stm32f4xx_hal_gpio.o
LOAD ./system/src/stm32f4-hal/stm32f4xx_hal_iwdg.o
LOAD ./system/src/stm32f4-hal/stm32f4xx_hal_pwr.o
LOAD ./system/src/stm32f4-hal/stm32f4xx_hal_rcc.o
LOAD ./system/src/newlib/assert.o
LOAD ./system/src/newlib/cxx.o
LOAD ./system/src/newlib/exit.o
LOAD ./system/src/newlib/sbrk.o
LOAD ./system/src/newlib/startup.o
LOAD ./system/src/newlib/syscalls.o
LOAD ./system/src/diag/trace-impl.o
LOAD ./system/src/diag/trace.o
LOAD ./system/src/cortexm/exception-handlers.o
LOAD ./system/src/cortexm/initialize-hardware.o
LOAD ./system/src/cortexm/reset-hardware.o
LOAD ./system/src/cmsis/system_stm32f4xx.o
LOAD ./system/src/cmsis/vectors_stm32f407xx.o
LOAD ./src/initialize-hardware.o
LOAD ./src/led.o
LOAD ./src/main.o
LOAD ./src/stm32f4xx_hal_msp.o
LOAD ./src/write.o
LOAD ./FreeRTOS Source/portable/MemMang/heap_4.o
LOAD ./FreeRTOS Source/portable/GCC/ARM_CM4F/port.o
LOAD ./FreeRTOS Source/croutine.o
LOAD ./FreeRTOS Source/event_groups.o
LOAD ./FreeRTOS Source/list.o
LOAD ./FreeRTOS Source/queue.o
LOAD ./FreeRTOS Source/tasks.o
LOAD ./FreeRTOS Source/timers.o
LOAD c:/users/omar/appdata/roaming/xpacks/@xpack-dev-tools/arm-none-eabi-gcc/10.3.1-2.3.1/.content/bin/../lib/gcc/arm-none-eabi/10.3.1/../../../../arm-none-eabi/lib/thumb/v7e-m+fp/softfp\libstdc++_nano.a
LOAD c:/users/omar/appdata/roaming/xpacks/@xpack-dev-tools/arm-none-eabi-gcc/10.3.1-2.3.1/.content/bin/../lib/gcc/arm-none-eabi/10.3.1/../../../../arm-none-eabi/lib/thumb/v7e-m+fp/softfp\libm.a
START GROUP
LOAD c:/users/omar/appdata/roaming/xpacks/@xpack-dev-tools/arm-none-eabi-gcc/10.3.1-2.3.1/.content/bin/../lib/gcc/arm-none-eabi/10.3.1/thumb/v7e-m+fp/softfp\libgcc.a
LOAD c:/users/omar/appdata/roaming/xpacks/@xpack-dev-tools/arm-none-eabi-gcc/10.3.1-2.3.1/.content/bin/../lib/gcc/arm-none-eabi/10.3.1/../../../../arm-none-eabi/lib/thumb/v7e-m+fp/softfp\libg_nano.a
LOAD c:/users/omar/appdata/roaming/xpacks/@xpack-dev-tools/arm-none-eabi-gcc/10.3.1-2.3.1/.content/bin/../lib/gcc/arm-none-eabi/10.3.1/../../../../arm-none-eabi/lib/thumb/v7e-m+fp/softfp\libc_nano.a
END GROUP
START GROUP
LOAD c:/users/omar/appdata/roaming/xpacks/@xpack-dev-tools/arm-none-eabi-gcc/10.3.1-2.3.1/.content/bin/../lib/gcc/arm-none-eabi/10.3.1/thumb/v7e-m+fp/softfp\libgcc.a
LOAD c:/users/omar/appdata/roaming/xpacks/@xpack-dev-tools/arm-none-eabi-gcc/10.3.1-2.3.1/.content/bin/../lib/gcc/arm-none-eabi/10.3.1/../../../../arm-none-eabi/lib/thumb/v7e-m+fp/softfp\libc_nano.a
END GROUP
                0x0000000020020000                __stack = (ORIGIN (RAM) + LENGTH (RAM))
                0x0000000020020000                _estack = __stack
                0x0000000000000400                __Main_Stack_Size = 0x400
                [!provide]                        PROVIDE (_Main_Stack_Size = __Main_Stack_Size)
                0x000000002001fc00                __Main_Stack_Limit = (__stack - __Main_Stack_Size)
                [!provide]                        PROVIDE (_Main_Stack_Limit = __Main_Stack_Limit)
                0x0000000000000100                _Minimum_Stack_Size = 0x100
                0x0000000020013030                PROVIDE (_Heap_Begin = _end_noinit)
                0x000000002001fc00                PROVIDE (_Heap_Limit = (__stack - __Main_Stack_Size))

.isr_vector     0x0000000008000000      0x3e8
 FILL mask 0xff
                0x0000000008000000                __vectors_start = ABSOLUTE (.)
                0x0000000008000000                __vectors_start__ = ABSOLUTE (.)
 *(.isr_vector)
 .isr_vector    0x0000000008000000      0x188 ./system/src/cmsis/vectors_stm32f407xx.o
                0x0000000008000000                __isr_vectors
 *(.cfmconfig)
 *(.after_vectors .after_vectors.*)
 .after_vectors
                0x0000000008000188      0x130 ./system/src/newlib/startup.o
                0x0000000008000188                _start
 .after_vectors
                0x00000000080002b8      0x12c ./system/src/cortexm/exception-handlers.o
                0x00000000080002b8                Reset_Handler
                0x00000000080002be                NMI_Handler
                0x00000000080002c2                HardFault_Handler
                0x00000000080002d6                HardFault_Handler_C
                0x0000000008000334                MemManage_Handler
                0x0000000008000338                BusFault_Handler
                0x000000000800034c                BusFault_Handler_C
                0x0000000008000380                UsageFault_Handler
                0x0000000008000394                UsageFault_Handler_C
                0x00000000080003cc                DebugMon_Handler
 .after_vectors
                0x00000000080003e4        0x4 ./system/src/cmsis/vectors_stm32f407xx.o
                0x00000000080003e4                RTC_Alarm_IRQHandler
                0x00000000080003e4                HASH_RNG_IRQHandler
                0x00000000080003e4                EXTI2_IRQHandler
                0x00000000080003e4                TIM8_CC_IRQHandler
                0x00000000080003e4                TIM1_CC_IRQHandler
                0x00000000080003e4                DMA2_Stream5_IRQHandler
                0x00000000080003e4                DMA1_Stream5_IRQHandler
                0x00000000080003e4                PVD_IRQHandler
                0x00000000080003e4                SDIO_IRQHandler
                0x00000000080003e4                TAMP_STAMP_IRQHandler
                0x00000000080003e4                CAN2_RX1_IRQHandler
                0x00000000080003e4                EXTI3_IRQHandler
                0x00000000080003e4                TIM8_TRG_COM_TIM14_IRQHandler
                0x00000000080003e4                TIM1_UP_TIM10_IRQHandler
                0x00000000080003e4                TIM8_UP_TIM13_IRQHandler
                0x00000000080003e4                I2C3_ER_IRQHandler
                0x00000000080003e4                EXTI0_IRQHandler
                0x00000000080003e4                I2C2_EV_IRQHandler
                0x00000000080003e4                DMA1_Stream2_IRQHandler
                0x00000000080003e4                CAN1_RX0_IRQHandler
                0x00000000080003e4                FPU_IRQHandler
                0x00000000080003e4                OTG_HS_WKUP_IRQHandler
                0x00000000080003e4                CAN2_SCE_IRQHandler
                0x00000000080003e4                DMA2_Stream2_IRQHandler
                0x00000000080003e4                SPI1_IRQHandler
                0x00000000080003e4                TIM6_DAC_IRQHandler
                0x00000000080003e4                TIM1_BRK_TIM9_IRQHandler
                0x00000000080003e4                DCMI_IRQHandler
                0x00000000080003e4                CAN2_RX0_IRQHandler
                0x00000000080003e4                DMA2_Stream3_IRQHandler
                0x00000000080003e4                USART6_IRQHandler
                0x00000000080003e4                USART3_IRQHandler
                0x00000000080003e4                CAN1_RX1_IRQHandler
                0x00000000080003e4                UART5_IRQHandler
                0x00000000080003e4                DMA2_Stream0_IRQHandler
                0x00000000080003e4                TIM4_IRQHandler
                0x00000000080003e4                I2C1_EV_IRQHandler
                0x00000000080003e4                DMA1_Stream6_IRQHandler
                0x00000000080003e4                DMA1_Stream1_IRQHandler
                0x00000000080003e4                UART4_IRQHandler
                0x00000000080003e4                TIM3_IRQHandler
                0x00000000080003e4                RCC_IRQHandler
                0x00000000080003e4                TIM8_BRK_TIM12_IRQHandler
                0x00000000080003e4                Default_Handler
                0x00000000080003e4                EXTI15_10_IRQHandler
                0x00000000080003e4                ADC_IRQHandler
                0x00000000080003e4                DMA1_Stream7_IRQHandler
                0x00000000080003e4                TIM7_IRQHandler
                0x00000000080003e4                CAN2_TX_IRQHandler
                0x00000000080003e4                TIM5_IRQHandler
                0x00000000080003e4                DMA2_Stream7_IRQHandler
                0x00000000080003e4                I2C3_EV_IRQHandler
                0x00000000080003e4                EXTI9_5_IRQHandler
                0x00000000080003e4                RTC_WKUP_IRQHandler
                0x00000000080003e4                ETH_WKUP_IRQHandler
                0x00000000080003e4                SPI2_IRQHandler
                0x00000000080003e4                OTG_HS_EP1_IN_IRQHandler
                0x00000000080003e4                DMA1_Stream0_IRQHandler
                0x00000000080003e4                CAN1_TX_IRQHandler
                0x00000000080003e4                EXTI4_IRQHandler
                0x00000000080003e4                ETH_IRQHandler
                0x00000000080003e4                OTG_HS_EP1_OUT_IRQHandler
                0x00000000080003e4                WWDG_IRQHandler
                0x00000000080003e4                TIM2_IRQHandler
                0x00000000080003e4                OTG_FS_WKUP_IRQHandler
                0x00000000080003e4                TIM1_TRG_COM_TIM11_IRQHandler
                0x00000000080003e4                OTG_HS_IRQHandler
                0x00000000080003e4                EXTI1_IRQHandler
                0x00000000080003e4                USART2_IRQHandler
                0x00000000080003e4                I2C2_ER_IRQHandler
                0x00000000080003e4                DMA2_Stream1_IRQHandler
                0x00000000080003e4                CAN1_SCE_IRQHandler
                0x00000000080003e4                FLASH_IRQHandler
                0x00000000080003e4                DMA2_Stream4_IRQHandler
                0x00000000080003e4                USART1_IRQHandler
                0x00000000080003e4                OTG_FS_IRQHandler
                0x00000000080003e4                SPI3_IRQHandler
                0x00000000080003e4                DMA1_Stream4_IRQHandler
                0x00000000080003e4                I2C1_ER_IRQHandler
                0x00000000080003e4                FMC_IRQHandler
                0x00000000080003e4                DMA2_Stream6_IRQHandler
                0x00000000080003e4                DMA1_Stream3_IRQHandler

.inits          0x00000000080003e8       0x28
                0x00000000080003e8                __data_regions_array_start = .
                0x00000000080003e8        0x4 LONG 0x8004598 LOADADDR (.data)
                0x00000000080003ec        0x4 LONG 0x20000000 ADDR (.data)
                0x00000000080003f0        0x4 LONG 0x2000007c (ADDR (.data) + SIZEOF (.data))
                0x00000000080003f4        0x4 LONG 0x8004598 LOADADDR (.data_CCMRAM)
                0x00000000080003f8        0x4 LONG 0x10000000 ADDR (.data_CCMRAM)
                0x00000000080003fc        0x4 LONG 0x10000000 (ADDR (.data_CCMRAM) + SIZEOF (.data_CCMRAM))
                0x0000000008000400                __data_regions_array_end = .
                0x0000000008000400                __bss_regions_array_start = .
                0x0000000008000400        0x4 LONG 0x2000007c ADDR (.bss)
                0x0000000008000404        0x4 LONG 0x20013030 (ADDR (.bss) + SIZEOF (.bss))
                0x0000000008000408        0x4 LONG 0x10000000 ADDR (.bss_CCMRAM)
                0x000000000800040c        0x4 LONG 0x10000000 (ADDR (.bss_CCMRAM) + SIZEOF (.bss_CCMRAM))
                0x0000000008000410                __bss_regions_array_end = .
 *(.init)
 *(.fini)
                0x0000000008000410                . = ALIGN (0x4)
                0x0000000008000410                PROVIDE (__preinit_array_start = .)
 *(.preinit_array_sysinit .preinit_array_sysinit.*)
 *(.preinit_array_platform .preinit_array_platform.*)
 *(.preinit_array .preinit_array.*)
                0x0000000008000410                PROVIDE (__preinit_array_end = .)
                0x0000000008000410                . = ALIGN (0x4)
                0x0000000008000410                PROVIDE (__init_array_start = .)
 *(SORT_BY_NAME(.init_array.*))
 *(.init_array)
                0x0000000008000410                PROVIDE (__init_array_end = .)
                0x0000000008000410                . = ALIGN (0x4)
                0x0000000008000410                PROVIDE (__fini_array_start = .)
 *(SORT_BY_NAME(.fini_array.*))
 *(.fini_array)
                0x0000000008000410                PROVIDE (__fini_array_end = .)

.flashtext
 *(.flashtext .flashtext.*)

.text           0x0000000008000410     0x417f
 *(.text .text.*)
 .text.HAL_InitTick
                0x0000000008000410       0x4c ./system/src/stm32f4-hal/stm32f4xx_hal.o
                0x0000000008000410                HAL_InitTick
 .text.HAL_Init
                0x000000000800045c       0x34 ./system/src/stm32f4-hal/stm32f4xx_hal.o
                0x000000000800045c                HAL_Init
 .text.HAL_GetTick
                0x0000000008000490        0xc ./system/src/stm32f4-hal/stm32f4xx_hal.o
                0x0000000008000490                HAL_GetTick
 .text.HAL_NVIC_SetPriorityGrouping
                0x000000000800049c       0x3c ./system/src/stm32f4-hal/stm32f4xx_hal_cortex.o
                0x000000000800049c                HAL_NVIC_SetPriorityGrouping
 .text.HAL_NVIC_SetPriority
                0x00000000080004d8       0x8c ./system/src/stm32f4-hal/stm32f4xx_hal_cortex.o
                0x00000000080004d8                HAL_NVIC_SetPriority
 .text.HAL_SYSTICK_Config
                0x0000000008000564       0x28 ./system/src/stm32f4-hal/stm32f4xx_hal_cortex.o
                0x0000000008000564                HAL_SYSTICK_Config
 .text.HAL_SYSTICK_CLKSourceConfig
                0x000000000800058c       0x3c ./system/src/stm32f4-hal/stm32f4xx_hal_cortex.o
                0x000000000800058c                HAL_SYSTICK_CLKSourceConfig
 .text.HAL_GPIO_Init
                0x00000000080005c8      0x2f4 ./system/src/stm32f4-hal/stm32f4xx_hal_gpio.o
                0x00000000080005c8                HAL_GPIO_Init
 .text.HAL_RCC_OscConfig
                0x00000000080008bc      0x4f0 ./system/src/stm32f4-hal/stm32f4xx_hal_rcc.o
                0x00000000080008bc                HAL_RCC_OscConfig
 .text.HAL_RCC_GetSysClockFreq
                0x0000000008000dac       0xd4 ./system/src/stm32f4-hal/stm32f4xx_hal_rcc.o
                0x0000000008000dac                HAL_RCC_GetSysClockFreq
 .text.HAL_RCC_ClockConfig
                0x0000000008000e80      0x21c ./system/src/stm32f4-hal/stm32f4xx_hal_rcc.o
                0x0000000008000e80                HAL_RCC_ClockConfig
 .text.HAL_RCC_GetHCLKFreq
                0x000000000800109c        0xc ./system/src/stm32f4-hal/stm32f4xx_hal_rcc.o
                0x000000000800109c                HAL_RCC_GetHCLKFreq
 .text._sbrk    0x00000000080010a8       0x44 ./system/src/newlib/sbrk.o
                0x00000000080010a8                _sbrk
 .text._exit    0x00000000080010ec       0x20 ./system/src/newlib/syscalls.o
                0x00000000080010ec                _exit
 .text.initialise_monitor_handles
                0x000000000800110c       0xa8 ./system/src/newlib/syscalls.o
                0x000000000800110c                initialise_monitor_handles
 .text.__initialize_args
                0x00000000080011b4       0xc0 ./system/src/newlib/syscalls.o
                0x00000000080011b4                __initialize_args
 .text._trace_write_semihosting_debug
                0x0000000008001274       0x62 ./system/src/diag/trace-impl.o
 .text.trace_write
                0x00000000080012d6        0x8 ./system/src/diag/trace-impl.o
                0x00000000080012d6                trace_write
 *fill*         0x00000000080012de        0x2 
 .text.trace_printf
                0x00000000080012e0       0x34 ./system/src/diag/trace.o
                0x00000000080012e0                trace_printf
 .text.trace_puts
                0x0000000008001314       0x20 ./system/src/diag/trace.o
                0x0000000008001314                trace_puts
 .text.dumpExceptionStack
                0x0000000008001334       0xf4 ./system/src/cortexm/exception-handlers.o
                0x0000000008001334                dumpExceptionStack
 .text.isSemihosting
                0x0000000008001428      0x100 ./system/src/cortexm/exception-handlers.o
                0x0000000008001428                isSemihosting
 .text.__initialize_hardware_early
                0x0000000008001528       0x18 ./system/src/cortexm/initialize-hardware.o
                0x0000000008001528                __initialize_hardware_early
 .text.SystemInit
                0x0000000008001540       0x10 ./system/src/cmsis/system_stm32f4xx.o
                0x0000000008001540                SystemInit
 .text.SystemCoreClockUpdate
                0x0000000008001550       0xa0 ./system/src/cmsis/system_stm32f4xx.o
                0x0000000008001550                SystemCoreClockUpdate
 .text.SystemClock_Config
                0x00000000080015f0       0xa0 ./src/initialize-hardware.o
                0x00000000080015f0                SystemClock_Config
 .text.__initialize_hardware
                0x0000000008001690       0x10 ./src/initialize-hardware.o
                0x0000000008001690                __initialize_hardware
 .text.assert_failed
                0x00000000080016a0       0x14 ./src/initialize-hardware.o
                0x00000000080016a0                assert_failed
 .text.createLed
                0x00000000080016b4       0x10 ./src/led.o
                0x00000000080016b4                createLed
 .text.turn_on  0x00000000080016c4       0x2c ./src/led.o
                0x00000000080016c4                turn_on
 .text.turn_off
                0x00000000080016f0       0x2c ./src/led.o
                0x00000000080016f0                turn_off
 .text.power_up
                0x000000000800171c       0x40 ./src/led.o
                0x000000000800171c                power_up
 .text.isOn     0x000000000800175c       0x40 ./src/led.o
                0x000000000800175c                isOn
 .text.prvAutoReloadTimerCallback
                0x000000000800179c       0x2c ./src/main.o
 .text.prvOneShotTimerCallback
                0x00000000080017c8       0x18 ./src/main.o
 .text.main     0x00000000080017e0      0x11c ./src/main.o
                0x00000000080017e0                main
 .text.vApplicationMallocFailedHook
                0x00000000080018fc        0x2 ./src/main.o
                0x00000000080018fc                vApplicationMallocFailedHook
 .text.vApplicationStackOverflowHook
                0x00000000080018fe        0x2 ./src/main.o
                0x00000000080018fe                vApplicationStackOverflowHook
 .text.vApplicationIdleHook
                0x0000000008001900       0x12 ./src/main.o
                0x0000000008001900                vApplicationIdleHook
 .text.vApplicationTickHook
                0x0000000008001912        0x2 ./src/main.o
                0x0000000008001912                vApplicationTickHook
 .text.HAL_MspInit
                0x0000000008001914        0x2 ./src/stm32f4xx_hal_msp.o
                0x0000000008001914                HAL_MspInit
 *fill*         0x0000000008001916        0x2 
 .text.prvHeapInit
                0x0000000008001918       0x64 ./FreeRTOS Source/portable/MemMang/heap_4.o
 .text.prvInsertBlockIntoFreeList
                0x000000000800197c       0x64 ./FreeRTOS Source/portable/MemMang/heap_4.o
 .text.pvPortMalloc
                0x00000000080019e0      0x104 ./FreeRTOS Source/portable/MemMang/heap_4.o
                0x00000000080019e0                pvPortMalloc
 .text.vPortFree
                0x0000000008001ae4       0x70 ./FreeRTOS Source/portable/MemMang/heap_4.o
                0x0000000008001ae4                vPortFree
 .text.xPortGetFreeHeapSize
                0x0000000008001b54        0xc ./FreeRTOS Source/portable/MemMang/heap_4.o
                0x0000000008001b54                xPortGetFreeHeapSize
 .text.prvTaskExitError
                0x0000000008001b60       0x34 ./FreeRTOS Source/portable/GCC/ARM_CM4F/port.o
 .text.prvPortStartFirstTask
                0x0000000008001b94       0x20 ./FreeRTOS Source/portable/GCC/ARM_CM4F/port.o
 .text.pxPortInitialiseStack
                0x0000000008001bb4       0x2c ./FreeRTOS Source/portable/GCC/ARM_CM4F/port.o
                0x0000000008001bb4                pxPortInitialiseStack
 .text.SVC_Handler
                0x0000000008001be0       0x24 ./FreeRTOS Source/portable/GCC/ARM_CM4F/port.o
                0x0000000008001be0                SVC_Handler
 .text.vPortEnterCritical
                0x0000000008001c04       0x44 ./FreeRTOS Source/portable/GCC/ARM_CM4F/port.o
                0x0000000008001c04                vPortEnterCritical
 .text.vPortExitCritical
                0x0000000008001c48       0x2c ./FreeRTOS Source/portable/GCC/ARM_CM4F/port.o
                0x0000000008001c48                vPortExitCritical
 *fill*         0x0000000008001c74        0xc 
 .text.PendSV_Handler
                0x0000000008001c80       0x64 ./FreeRTOS Source/portable/GCC/ARM_CM4F/port.o
                0x0000000008001c80                PendSV_Handler
 .text.SysTick_Handler
                0x0000000008001ce4       0x2c ./FreeRTOS Source/portable/GCC/ARM_CM4F/port.o
                0x0000000008001ce4                SysTick_Handler
 .text.vPortSetupTimerInterrupt
                0x0000000008001d10       0x24 ./FreeRTOS Source/portable/GCC/ARM_CM4F/port.o
                0x0000000008001d10                vPortSetupTimerInterrupt
 .text.xPortStartScheduler
                0x0000000008001d34       0xf4 ./FreeRTOS Source/portable/GCC/ARM_CM4F/port.o
                0x0000000008001d34                xPortStartScheduler
 .text.vPortValidateInterruptPriority
                0x0000000008001e28       0x5c ./FreeRTOS Source/portable/GCC/ARM_CM4F/port.o
                0x0000000008001e28                vPortValidateInterruptPriority
 .text.vListInitialise
                0x0000000008001e84       0x16 ./FreeRTOS Source/list.o
                0x0000000008001e84                vListInitialise
 .text.vListInitialiseItem
                0x0000000008001e9a        0x6 ./FreeRTOS Source/list.o
                0x0000000008001e9a                vListInitialiseItem
 .text.vListInsertEnd
                0x0000000008001ea0       0x16 ./FreeRTOS Source/list.o
                0x0000000008001ea0                vListInsertEnd
 .text.vListInsert
                0x0000000008001eb6       0x32 ./FreeRTOS Source/list.o
                0x0000000008001eb6                vListInsert
 .text.uxListRemove
                0x0000000008001ee8       0x24 ./FreeRTOS Source/list.o
                0x0000000008001ee8                uxListRemove
 .text.prvIsQueueFull
                0x0000000008001f0c       0x1e ./FreeRTOS Source/queue.o
 .text.prvIsQueueEmpty
                0x0000000008001f2a       0x1a ./FreeRTOS Source/queue.o
 .text.prvCopyDataToQueue
                0x0000000008001f44       0x76 ./FreeRTOS Source/queue.o
 .text.prvCopyDataFromQueue
                0x0000000008001fba       0x24 ./FreeRTOS Source/queue.o
 .text.prvUnlockQueue
                0x0000000008001fde       0x6e ./FreeRTOS Source/queue.o
 .text.xQueueGenericReset
                0x000000000800204c       0x84 ./FreeRTOS Source/queue.o
                0x000000000800204c                xQueueGenericReset
 .text.prvInitialiseNewQueue
                0x00000000080020d0       0x22 ./FreeRTOS Source/queue.o
 .text.xQueueGenericCreate
                0x00000000080020f2       0x48 ./FreeRTOS Source/queue.o
                0x00000000080020f2                xQueueGenericCreate
 .text.xQueueGenericSend
                0x000000000800213a      0x188 ./FreeRTOS Source/queue.o
                0x000000000800213a                xQueueGenericSend
 .text.xQueueGenericSendFromISR
                0x00000000080022c2       0xcc ./FreeRTOS Source/queue.o
                0x00000000080022c2                xQueueGenericSendFromISR
 .text.xQueueGenericReceive
                0x000000000800238e      0x1ba ./FreeRTOS Source/queue.o
                0x000000000800238e                xQueueGenericReceive
 .text.vQueueAddToRegistry
                0x0000000008002548       0x28 ./FreeRTOS Source/queue.o
                0x0000000008002548                vQueueAddToRegistry
 .text.vQueueWaitForMessageRestricted
                0x0000000008002570       0x52 ./FreeRTOS Source/queue.o
                0x0000000008002570                vQueueWaitForMessageRestricted
 *fill*         0x00000000080025c2        0x2 
 .text.prvResetNextTaskUnblockTime
                0x00000000080025c4       0x2c ./FreeRTOS Source/tasks.o
 .text.prvDeleteTCB
                0x00000000080025f0       0x12 ./FreeRTOS Source/tasks.o
 .text.prvInitialiseNewTask
                0x0000000008002602       0x9c ./FreeRTOS Source/tasks.o
 *fill*         0x000000000800269e        0x2 
 .text.prvInitialiseTaskLists
                0x00000000080026a0       0x68 ./FreeRTOS Source/tasks.o
 .text.prvAddNewTaskToReadyList
                0x0000000008002708       0xac ./FreeRTOS Source/tasks.o
 .text.prvAddCurrentTaskToDelayedList
                0x00000000080027b4       0x98 ./FreeRTOS Source/tasks.o
 .text.xTaskCreate
                0x000000000800284c       0x64 ./FreeRTOS Source/tasks.o
                0x000000000800284c                xTaskCreate
 .text.vTaskStartScheduler
                0x00000000080028b0       0x84 ./FreeRTOS Source/tasks.o
                0x00000000080028b0                vTaskStartScheduler
 .text.vTaskSuspendAll
                0x0000000008002934       0x10 ./FreeRTOS Source/tasks.o
                0x0000000008002934                vTaskSuspendAll
 .text.xTaskGetTickCount
                0x0000000008002944        0xc ./FreeRTOS Source/tasks.o
                0x0000000008002944                xTaskGetTickCount
 .text.xTaskIncrementTick
                0x0000000008002950      0x128 ./FreeRTOS Source/tasks.o
                0x0000000008002950                xTaskIncrementTick
 .text.xTaskResumeAll
                0x0000000008002a78       0xf8 ./FreeRTOS Source/tasks.o
                0x0000000008002a78                xTaskResumeAll
 .text.prvCheckTasksWaitingTermination
                0x0000000008002b70       0x5c ./FreeRTOS Source/tasks.o
 .text.prvIdleTask
                0x0000000008002bcc       0x30 ./FreeRTOS Source/tasks.o
 .text.vTaskSwitchContext
                0x0000000008002bfc       0xcc ./FreeRTOS Source/tasks.o
                0x0000000008002bfc                vTaskSwitchContext
 .text.vTaskPlaceOnEventList
                0x0000000008002cc8       0x30 ./FreeRTOS Source/tasks.o
                0x0000000008002cc8                vTaskPlaceOnEventList
 .text.vTaskPlaceOnEventListRestricted
                0x0000000008002cf8       0x38 ./FreeRTOS Source/tasks.o
                0x0000000008002cf8                vTaskPlaceOnEventListRestricted
 .text.xTaskRemoveFromEventList
                0x0000000008002d30       0x8c ./FreeRTOS Source/tasks.o
                0x0000000008002d30                xTaskRemoveFromEventList
 .text.vTaskSetTimeOutState
                0x0000000008002dbc       0x2c ./FreeRTOS Source/tasks.o
                0x0000000008002dbc                vTaskSetTimeOutState
 .text.xTaskCheckForTimeOut
                0x0000000008002de8       0x80 ./FreeRTOS Source/tasks.o
                0x0000000008002de8                xTaskCheckForTimeOut
 .text.vTaskMissedYield
                0x0000000008002e68        0xc ./FreeRTOS Source/tasks.o
                0x0000000008002e68                vTaskMissedYield
 .text.xTaskGetSchedulerState
                0x0000000008002e74       0x20 ./FreeRTOS Source/tasks.o
                0x0000000008002e74                xTaskGetSchedulerState
 .text.vTaskPriorityInherit
                0x0000000008002e94       0xa0 ./FreeRTOS Source/tasks.o
                0x0000000008002e94                vTaskPriorityInherit
 .text.xTaskPriorityDisinherit
                0x0000000008002f34       0xb4 ./FreeRTOS Source/tasks.o
                0x0000000008002f34                xTaskPriorityDisinherit
 .text.pvTaskIncrementMutexHeldCount
                0x0000000008002fe8       0x1c ./FreeRTOS Source/tasks.o
                0x0000000008002fe8                pvTaskIncrementMutexHeldCount
 .text.prvGetNextExpireTime
                0x0000000008003004       0x20 ./FreeRTOS Source/timers.o
 .text.prvInsertTimerInActiveList
                0x0000000008003024       0x48 ./FreeRTOS Source/timers.o
 .text.prvCheckForValidListAndQueue
                0x000000000800306c       0x5c ./FreeRTOS Source/timers.o
 .text.prvInitialiseNewTimer
                0x00000000080030c8       0x40 ./FreeRTOS Source/timers.o
 .text.xTimerCreateTimerTask
                0x0000000008003108       0x50 ./FreeRTOS Source/timers.o
                0x0000000008003108                xTimerCreateTimerTask
 .text.xTimerCreate
                0x0000000008003158       0x32 ./FreeRTOS Source/timers.o
                0x0000000008003158                xTimerCreate
 *fill*         0x000000000800318a        0x2 
 .text.xTimerGenericCommand
                0x000000000800318c       0x6c ./FreeRTOS Source/timers.o
                0x000000000800318c                xTimerGenericCommand
 .text.prvSwitchTimerLists
                0x00000000080031f8       0x78 ./FreeRTOS Source/timers.o
 .text.prvSampleTimeNow
                0x0000000008003270       0x2c ./FreeRTOS Source/timers.o
 .text.prvProcessExpiredTimer
                0x000000000800329c       0x60 ./FreeRTOS Source/timers.o
 .text.prvProcessTimerOrBlockTask
                0x00000000080032fc       0x74 ./FreeRTOS Source/timers.o
 .text.prvProcessReceivedCommands
                0x0000000008003370       0xe0 ./FreeRTOS Source/timers.o
 .text.prvTimerTask
                0x0000000008003450       0x16 ./FreeRTOS Source/timers.o
 *fill*         0x0000000008003466        0x2 
 .text          0x0000000008003468       0x30 c:/users/omar/appdata/roaming/xpacks/@xpack-dev-tools/arm-none-eabi-gcc/10.3.1-2.3.1/.content/bin/../lib/gcc/arm-none-eabi/10.3.1/thumb/v7e-m+fp/softfp\libgcc.a(_aeabi_uldivmod.o)
                0x0000000008003468                __aeabi_uldivmod
 .text.__udivmoddi4
                0x0000000008003498      0x2d0 c:/users/omar/appdata/roaming/xpacks/@xpack-dev-tools/arm-none-eabi-gcc/10.3.1-2.3.1/.content/bin/../lib/gcc/arm-none-eabi/10.3.1/thumb/v7e-m+fp/softfp\libgcc.a(_udivmoddi4.o)
                0x0000000008003498                __udivmoddi4
 .text          0x0000000008003768        0x4 c:/users/omar/appdata/roaming/xpacks/@xpack-dev-tools/arm-none-eabi-gcc/10.3.1-2.3.1/.content/bin/../lib/gcc/arm-none-eabi/10.3.1/thumb/v7e-m+fp/softfp\libgcc.a(_dvmd_tls.o)
                0x0000000008003768                __aeabi_idiv0
                0x0000000008003768                __aeabi_ldiv0
 .text.__errno  0x000000000800376c        0xc c:/users/omar/appdata/roaming/xpacks/@xpack-dev-tools/arm-none-eabi-gcc/10.3.1-2.3.1/.content/bin/../lib/gcc/arm-none-eabi/10.3.1/../../../../arm-none-eabi/lib/thumb/v7e-m+fp/softfp\libg_nano.a(lib_a-errno.o)
                0x000000000800376c                __errno
 .text.__retarget_lock_acquire_recursive
                0x0000000008003778        0x2 c:/users/omar/appdata/roaming/xpacks/@xpack-dev-tools/arm-none-eabi-gcc/10.3.1-2.3.1/.content/bin/../lib/gcc/arm-none-eabi/10.3.1/../../../../arm-none-eabi/lib/thumb/v7e-m+fp/softfp\libg_nano.a(lib_a-lock.o)
                0x0000000008003778                __retarget_lock_acquire_recursive
 .text.__retarget_lock_release_recursive
                0x000000000800377a        0x2 c:/users/omar/appdata/roaming/xpacks/@xpack-dev-tools/arm-none-eabi-gcc/10.3.1-2.3.1/.content/bin/../lib/gcc/arm-none-eabi/10.3.1/../../../../arm-none-eabi/lib/thumb/v7e-m+fp/softfp\libg_nano.a(lib_a-lock.o)
                0x000000000800377a                __retarget_lock_release_recursive
 .text.memcpy   0x000000000800377c       0x1c c:/users/omar/appdata/roaming/xpacks/@xpack-dev-tools/arm-none-eabi-gcc/10.3.1-2.3.1/.content/bin/../lib/gcc/arm-none-eabi/10.3.1/../../../../arm-none-eabi/lib/thumb/v7e-m+fp/softfp\libg_nano.a(lib_a-memcpy-stub.o)
                0x000000000800377c                memcpy
 .text.memset   0x0000000008003798       0x10 c:/users/omar/appdata/roaming/xpacks/@xpack-dev-tools/arm-none-eabi-gcc/10.3.1-2.3.1/.content/bin/../lib/gcc/arm-none-eabi/10.3.1/../../../../arm-none-eabi/lib/thumb/v7e-m+fp/softfp\libg_nano.a(lib_a-memset.o)
                0x0000000008003798                memset
 .text.sbrk_aligned
                0x00000000080037a8       0x40 c:/users/omar/appdata/roaming/xpacks/@xpack-dev-tools/arm-none-eabi-gcc/10.3.1-2.3.1/.content/bin/../lib/gcc/arm-none-eabi/10.3.1/../../../../arm-none-eabi/lib/thumb/v7e-m+fp/softfp\libg_nano.a(lib_a-nano-mallocr.o)
 .text._malloc_r
                0x00000000080037e8       0xe8 c:/users/omar/appdata/roaming/xpacks/@xpack-dev-tools/arm-none-eabi-gcc/10.3.1-2.3.1/.content/bin/../lib/gcc/arm-none-eabi/10.3.1/../../../../arm-none-eabi/lib/thumb/v7e-m+fp/softfp\libg_nano.a(lib_a-nano-mallocr.o)
                0x00000000080037e8                _malloc_r
 .text._sbrk_r  0x00000000080038d0       0x20 c:/users/omar/appdata/roaming/xpacks/@xpack-dev-tools/arm-none-eabi-gcc/10.3.1-2.3.1/.content/bin/../lib/gcc/arm-none-eabi/10.3.1/../../../../arm-none-eabi/lib/thumb/v7e-m+fp/softfp\libg_nano.a(lib_a-sbrkr.o)
                0x00000000080038d0                _sbrk_r
 .text          0x00000000080038f0       0x14 c:/users/omar/appdata/roaming/xpacks/@xpack-dev-tools/arm-none-eabi-gcc/10.3.1-2.3.1/.content/bin/../lib/gcc/arm-none-eabi/10.3.1/../../../../arm-none-eabi/lib/thumb/v7e-m+fp/softfp\libg_nano.a(lib_a-strcmp.o)
                0x00000000080038f0                strcmp
 .text          0x0000000008003904       0x10 c:/users/omar/appdata/roaming/xpacks/@xpack-dev-tools/arm-none-eabi-gcc/10.3.1-2.3.1/.content/bin/../lib/gcc/arm-none-eabi/10.3.1/../../../../arm-none-eabi/lib/thumb/v7e-m+fp/softfp\libg_nano.a(lib_a-strlen.o)
                0x0000000008003904                strlen
 .text._vsnprintf_r
                0x0000000008003914       0x56 c:/users/omar/appdata/roaming/xpacks/@xpack-dev-tools/arm-none-eabi-gcc/10.3.1-2.3.1/.content/bin/../lib/gcc/arm-none-eabi/10.3.1/../../../../arm-none-eabi/lib/thumb/v7e-m+fp/softfp\libg_nano.a(lib_a-vsnprintf.o)
                0x0000000008003914                _vsniprintf_r
                0x0000000008003914                _vsnprintf_r
 *fill*         0x000000000800396a        0x2 
 .text.vsnprintf
                0x000000000800396c       0x1c c:/users/omar/appdata/roaming/xpacks/@xpack-dev-tools/arm-none-eabi-gcc/10.3.1-2.3.1/.content/bin/../lib/gcc/arm-none-eabi/10.3.1/../../../../arm-none-eabi/lib/thumb/v7e-m+fp/softfp\libg_nano.a(lib_a-vsnprintf.o)
                0x000000000800396c                vsniprintf
                0x000000000800396c                vsnprintf
 .text.__malloc_lock
                0x0000000008003988        0xc c:/users/omar/appdata/roaming/xpacks/@xpack-dev-tools/arm-none-eabi-gcc/10.3.1-2.3.1/.content/bin/../lib/gcc/arm-none-eabi/10.3.1/../../../../arm-none-eabi/lib/thumb/v7e-m+fp/softfp\libg_nano.a(lib_a-mlock.o)
                0x0000000008003988                __malloc_lock
 .text.__malloc_unlock
                0x0000000008003994        0xc c:/users/omar/appdata/roaming/xpacks/@xpack-dev-tools/arm-none-eabi-gcc/10.3.1-2.3.1/.content/bin/../lib/gcc/arm-none-eabi/10.3.1/../../../../arm-none-eabi/lib/thumb/v7e-m+fp/softfp\libg_nano.a(lib_a-mlock.o)
                0x0000000008003994                __malloc_unlock
 .text._free_r  0x00000000080039a0       0x98 c:/users/omar/appdata/roaming/xpacks/@xpack-dev-tools/arm-none-eabi-gcc/10.3.1-2.3.1/.content/bin/../lib/gcc/arm-none-eabi/10.3.1/../../../../arm-none-eabi/lib/thumb/v7e-m+fp/softfp\libg_nano.a(lib_a-nano-freer.o)
                0x00000000080039a0                _free_r
 .text.__ssputs_r
                0x0000000008003a38       0xb6 c:/users/omar/appdata/roaming/xpacks/@xpack-dev-tools/arm-none-eabi-gcc/10.3.1-2.3.1/.content/bin/../lib/gcc/arm-none-eabi/10.3.1/../../../../arm-none-eabi/lib/thumb/v7e-m+fp/softfp\libg_nano.a(lib_a-nano-svfprintf.o)
                0x0000000008003a38                __ssputs_r
 *fill*         0x0000000008003aee        0x2 
 .text._svfprintf_r
                0x0000000008003af0      0x200 c:/users/omar/appdata/roaming/xpacks/@xpack-dev-tools/arm-none-eabi-gcc/10.3.1-2.3.1/.content/bin/../lib/gcc/arm-none-eabi/10.3.1/../../../../arm-none-eabi/lib/thumb/v7e-m+fp/softfp\libg_nano.a(lib_a-nano-svfprintf.o)
                0x0000000008003af0                _svfiprintf_r
                0x0000000008003af0                _svfprintf_r
 .text._printf_common
                0x0000000008003cf0       0xda c:/users/omar/appdata/roaming/xpacks/@xpack-dev-tools/arm-none-eabi-gcc/10.3.1-2.3.1/.content/bin/../lib/gcc/arm-none-eabi/10.3.1/../../../../arm-none-eabi/lib/thumb/v7e-m+fp/softfp\libg_nano.a(lib_a-nano-vfprintf_i.o)
                0x0000000008003cf0                _printf_common
 *fill*         0x0000000008003dca        0x2 
 .text._printf_i
                0x0000000008003dcc      0x24c c:/users/omar/appdata/roaming/xpacks/@xpack-dev-tools/arm-none-eabi-gcc/10.3.1-2.3.1/.content/bin/../lib/gcc/arm-none-eabi/10.3.1/../../../../arm-none-eabi/lib/thumb/v7e-m+fp/softfp\libg_nano.a(lib_a-nano-vfprintf_i.o)
                0x0000000008003dcc                _printf_i
 *fill*         0x0000000008004018        0x8 
 .text          0x0000000008004020       0xa0 c:/users/omar/appdata/roaming/xpacks/@xpack-dev-tools/arm-none-eabi-gcc/10.3.1-2.3.1/.content/bin/../lib/gcc/arm-none-eabi/10.3.1/../../../../arm-none-eabi/lib/thumb/v7e-m+fp/softfp\libg_nano.a(lib_a-memchr.o)
                0x0000000008004020                memchr
 .text.memmove  0x00000000080040c0       0x34 c:/users/omar/appdata/roaming/xpacks/@xpack-dev-tools/arm-none-eabi-gcc/10.3.1-2.3.1/.content/bin/../lib/gcc/arm-none-eabi/10.3.1/../../../../arm-none-eabi/lib/thumb/v7e-m+fp/softfp\libg_nano.a(lib_a-memmove.o)
                0x00000000080040c0                memmove
 .text._realloc_r
                0x00000000080040f4       0x5e c:/users/omar/appdata/roaming/xpacks/@xpack-dev-tools/arm-none-eabi-gcc/10.3.1-2.3.1/.content/bin/../lib/gcc/arm-none-eabi/10.3.1/../../../../arm-none-eabi/lib/thumb/v7e-m+fp/softfp\libg_nano.a(lib_a-nano-reallocr.o)
                0x00000000080040f4                _realloc_r
 .text._malloc_usable_size_r
                0x0000000008004152       0x10 c:/users/omar/appdata/roaming/xpacks/@xpack-dev-tools/arm-none-eabi-gcc/10.3.1-2.3.1/.content/bin/../lib/gcc/arm-none-eabi/10.3.1/../../../../arm-none-eabi/lib/thumb/v7e-m+fp/softfp\libg_nano.a(lib_a-nano-msizer.o)
                0x0000000008004152                _malloc_usable_size_r
 *(.rodata .rodata.* .constdata .constdata.*)
 *fill*         0x0000000008004162        0x2 
 .rodata.HAL_NVIC_SetPriorityGrouping.str1.4
                0x0000000008004164       0x31 ./system/src/stm32f4-hal/stm32f4xx_hal_cortex.o
 *fill*         0x0000000008004195        0x3 
 .rodata.HAL_GPIO_Init.str1.4
                0x0000000008004198       0x2f ./system/src/stm32f4-hal/stm32f4xx_hal_gpio.o
 *fill*         0x00000000080041c7        0x1 
 .rodata.HAL_RCC_OscConfig.str1.4
                0x00000000080041c8       0x2e ./system/src/stm32f4-hal/stm32f4xx_hal_rcc.o
 *fill*         0x00000000080041f6        0x2 
 .rodata.initialise_monitor_handles.str1.4
                0x00000000080041f8        0x4 ./system/src/newlib/syscalls.o
 .rodata.trace_puts.str1.4
                0x00000000080041fc        0x4 ./system/src/diag/trace.o
                                          0x2 (size before relaxing)
 .rodata.dumpExceptionStack.str1.4
                0x00000000080041fc      0x11a ./system/src/cortexm/exception-handlers.o
 .rodata.isSemihosting.str1.4
                0x0000000008004316        0x4 ./system/src/cortexm/exception-handlers.o
 *fill*         0x0000000008004316        0x2 
 .rodata.str1.4
                0x0000000008004318       0x2a ./system/src/cortexm/exception-handlers.o
 *fill*         0x0000000008004342        0x2 
 .rodata.AHBPrescTable
                0x0000000008004344       0x10 ./system/src/cmsis/system_stm32f4xx.o
                0x0000000008004344                AHBPrescTable
 .rodata.assert_failed.str1.4
                0x0000000008004354       0x2d ./src/initialize-hardware.o
 *fill*         0x0000000008004381        0x3 
 .rodata.prvAutoReloadTimerCallback.str1.4
                0x0000000008004384       0x25 ./src/main.o
 *fill*         0x00000000080043a9        0x3 
 .rodata.prvOneShotTimerCallback.str1.4
                0x00000000080043ac       0x22 ./src/main.o
 *fill*         0x00000000080043ce        0x2 
 .rodata.main.str1.4
                0x00000000080043d0        0xf ./src/main.o
 *fill*         0x00000000080043df        0x1 
 .rodata.vTaskStartScheduler.str1.4
                0x00000000080043e0        0x5 ./FreeRTOS Source/tasks.o
 *fill*         0x00000000080043e5        0x3 
 .rodata.prvCheckForValidListAndQueue.str1.4
                0x00000000080043e8        0x5 ./FreeRTOS Source/timers.o
 *fill*         0x00000000080043ed        0x3 
 .rodata.xTimerCreateTimerTask.str1.4
                0x00000000080043f0        0x8 ./FreeRTOS Source/timers.o
 .rodata._ctype_
                0x00000000080043f8      0x101 c:/users/omar/appdata/roaming/xpacks/@xpack-dev-tools/arm-none-eabi-gcc/10.3.1-2.3.1/.content/bin/../lib/gcc/arm-none-eabi/10.3.1/../../../../arm-none-eabi/lib/thumb/v7e-m+fp/softfp\libg_nano.a(lib_a-ctype_.o)
                0x00000000080043f8                _ctype_
 *fill*         0x00000000080044f9        0x3 
 .rodata.__sf_fake_stderr
                0x00000000080044fc       0x20 c:/users/omar/appdata/roaming/xpacks/@xpack-dev-tools/arm-none-eabi-gcc/10.3.1-2.3.1/.content/bin/../lib/gcc/arm-none-eabi/10.3.1/../../../../arm-none-eabi/lib/thumb/v7e-m+fp/softfp\libg_nano.a(lib_a-findfp.o)
                0x00000000080044fc                __sf_fake_stderr
 .rodata.__sf_fake_stdin
                0x000000000800451c       0x20 c:/users/omar/appdata/roaming/xpacks/@xpack-dev-tools/arm-none-eabi-gcc/10.3.1-2.3.1/.content/bin/../lib/gcc/arm-none-eabi/10.3.1/../../../../arm-none-eabi/lib/thumb/v7e-m+fp/softfp\libg_nano.a(lib_a-findfp.o)
                0x000000000800451c                __sf_fake_stdin
 .rodata.__sf_fake_stdout
                0x000000000800453c       0x20 c:/users/omar/appdata/roaming/xpacks/@xpack-dev-tools/arm-none-eabi-gcc/10.3.1-2.3.1/.content/bin/../lib/gcc/arm-none-eabi/10.3.1/../../../../arm-none-eabi/lib/thumb/v7e-m+fp/softfp\libg_nano.a(lib_a-findfp.o)
                0x000000000800453c                __sf_fake_stdout
 .rodata._svfprintf_r.str1.1
                0x000000000800455c       0x11 c:/users/omar/appdata/roaming/xpacks/@xpack-dev-tools/arm-none-eabi-gcc/10.3.1-2.3.1/.content/bin/../lib/gcc/arm-none-eabi/10.3.1/../../../../arm-none-eabi/lib/thumb/v7e-m+fp/softfp\libg_nano.a(lib_a-nano-svfprintf.o)
 .rodata._printf_i.str1.1
                0x000000000800456d       0x22 c:/users/omar/appdata/roaming/xpacks/@xpack-dev-tools/arm-none-eabi-gcc/10.3.1-2.3.1/.content/bin/../lib/gcc/arm-none-eabi/10.3.1/../../../../arm-none-eabi/lib/thumb/v7e-m+fp/softfp\libg_nano.a(lib_a-nano-vfprintf_i.o)
 *(vtable)
 *(.eh_frame*)
 *(.glue_7)
 .glue_7        0x000000000800458f        0x0 linker stubs
 *(.glue_7t)
 .glue_7t       0x000000000800458f        0x0 linker stubs

.vfp11_veneer   0x0000000008004590        0x0
 .vfp11_veneer  0x0000000008004590        0x0 linker stubs

.v4_bx          0x0000000008004590        0x0
 .v4_bx         0x0000000008004590        0x0 linker stubs

.iplt           0x0000000008004590        0x0
 .iplt          0x0000000008004590        0x0 ./system/src/stm32f4-hal/stm32f4xx_hal.o

.ARM.extab
 *(.ARM.extab* .gnu.linkonce.armextab.*)
                0x0000000008004590                . = ALIGN (0x4)
                0x0000000008004590                __exidx_start = .

.ARM.exidx      0x0000000008004590        0x8
 *(.ARM.exidx* .gnu.linkonce.armexidx.*)
 .ARM.exidx.text.__udivmoddi4
                0x0000000008004590        0x8 c:/users/omar/appdata/roaming/xpacks/@xpack-dev-tools/arm-none-eabi-gcc/10.3.1-2.3.1/.content/bin/../lib/gcc/arm-none-eabi/10.3.1/thumb/v7e-m+fp/softfp\libgcc.a(_udivmoddi4.o)
                0x0000000008004598                __exidx_end = .

.rel.dyn        0x0000000008004598        0x0
 .rel.iplt      0x0000000008004598        0x0 ./system/src/stm32f4-hal/stm32f4xx_hal.o
                0x0000000008004598                . = ALIGN (0x4)
                0x0000000008004598                _etext = .
                0x0000000008004598                __etext = .

.data_CCMRAM    0x0000000010000000        0x0 load address 0x0000000008004598
 FILL mask 0xff
 *(.data.CCMRAM .data.CCMRAM.*)
                0x0000000010000000                . = ALIGN (0x4)
                0x0000000008004598                _sidata = LOADADDR (.data)

.data           0x0000000020000000       0x7c load address 0x0000000008004598
 FILL mask 0xff
                0x0000000020000000                _sdata = .
                0x0000000020000000                __data_start__ = .
 *(.data_begin .data_begin.*)
 .data_begin    0x0000000020000000        0x4 ./system/src/newlib/startup.o
 *(.data .data.*)
 .data.uwTickFreq
                0x0000000020000004        0x1 ./system/src/stm32f4-hal/stm32f4xx_hal.o
                0x0000000020000004                uwTickFreq
 *fill*         0x0000000020000005        0x3 ff
 .data.uwTickPrio
                0x0000000020000008        0x4 ./system/src/stm32f4-hal/stm32f4xx_hal.o
                0x0000000020000008                uwTickPrio
 .data.SystemCoreClock
                0x000000002000000c        0x4 ./system/src/cmsis/system_stm32f4xx.o
                0x000000002000000c                SystemCoreClock
 .data.uxCriticalNesting
                0x0000000020000010        0x4 ./FreeRTOS Source/portable/GCC/ARM_CM4F/port.o
 .data._impure_ptr
                0x0000000020000014        0x4 c:/users/omar/appdata/roaming/xpacks/@xpack-dev-tools/arm-none-eabi-gcc/10.3.1-2.3.1/.content/bin/../lib/gcc/arm-none-eabi/10.3.1/../../../../arm-none-eabi/lib/thumb/v7e-m+fp/softfp\libg_nano.a(lib_a-impure.o)
                0x0000000020000014                _impure_ptr
 .data.impure_data
                0x0000000020000018       0x60 c:/users/omar/appdata/roaming/xpacks/@xpack-dev-tools/arm-none-eabi-gcc/10.3.1-2.3.1/.content/bin/../lib/gcc/arm-none-eabi/10.3.1/../../../../arm-none-eabi/lib/thumb/v7e-m+fp/softfp\libg_nano.a(lib_a-impure.o)
 *(.data_end .data_end.*)
 .data_end      0x0000000020000078        0x4 ./system/src/newlib/startup.o
                0x000000002000007c                . = ALIGN (0x4)
                0x000000002000007c                _edata = .
                0x000000002000007c                __data_end__ = .

.igot.plt       0x000000002000007c        0x0 load address 0x0000000008004614
 .igot.plt      0x000000002000007c        0x0 ./system/src/stm32f4-hal/stm32f4xx_hal.o

.bss_CCMRAM     0x0000000010000000        0x0
 *(.bss.CCMRAM .bss.CCMRAM.*)

.bss            0x000000002000007c    0x12fb4
                0x000000002000007c                __bss_start__ = .
                0x000000002000007c                _sbss = .
 *(.bss_begin .bss_begin.*)
 .bss_begin     0x000000002000007c        0x4 ./system/src/newlib/startup.o
 *(.bss .bss.*)
 .bss.uwTick    0x0000000020000080        0x4 ./system/src/stm32f4-hal/stm32f4xx_hal.o
                0x0000000020000080                uwTick
 .bss.current_heap_end.0
                0x0000000020000084        0x4 ./system/src/newlib/sbrk.o
 .bss.args_buf.1
                0x0000000020000088       0x50 ./system/src/newlib/syscalls.o
 .bss.argv_buf.0
                0x00000000200000d8       0x28 ./system/src/newlib/syscalls.o
 .bss.errno     0x0000000020000100        0x4 ./system/src/newlib/syscalls.o
                0x0000000020000100                errno
 .bss.monitor_stderr
                0x0000000020000104        0x4 ./system/src/newlib/syscalls.o
 .bss.monitor_stdin
                0x0000000020000108        0x4 ./system/src/newlib/syscalls.o
 .bss.monitor_stdout
                0x000000002000010c        0x4 ./system/src/newlib/syscalls.o
 .bss.openfiles
                0x0000000020000110       0xa0 ./system/src/newlib/syscalls.o
 .bss.buf.0     0x00000000200001b0       0x80 ./system/src/diag/trace.o
 .bss.blinkLeds
                0x0000000020000230       0x40 ./src/main.o
                0x0000000020000230                blinkLeds
 .bss.xTimer1   0x0000000020000270        0x4 ./src/main.o
 .bss.xTimer1Started
                0x0000000020000274        0x4 ./src/main.o
                0x0000000020000274                xTimer1Started
 .bss.xTimer2   0x0000000020000278        0x4 ./src/main.o
 .bss.xTimer2Started
                0x000000002000027c        0x4 ./src/main.o
                0x000000002000027c                xTimer2Started
 .bss.pxEnd     0x0000000020000280        0x4 ./FreeRTOS Source/portable/MemMang/heap_4.o
 .bss.ucHeap    0x0000000020000284    0x12c00 ./FreeRTOS Source/portable/MemMang/heap_4.o
 .bss.xBlockAllocatedBit
                0x0000000020012e84        0x4 ./FreeRTOS Source/portable/MemMang/heap_4.o
 .bss.xFreeBytesRemaining
                0x0000000020012e88        0x4 ./FreeRTOS Source/portable/MemMang/heap_4.o
 .bss.xMinimumEverFreeBytesRemaining
                0x0000000020012e8c        0x4 ./FreeRTOS Source/portable/MemMang/heap_4.o
 .bss.xStart    0x0000000020012e90        0x8 ./FreeRTOS Source/portable/MemMang/heap_4.o
 .bss.ucMaxSysCallPriority
                0x0000000020012e98        0x1 ./FreeRTOS Source/portable/GCC/ARM_CM4F/port.o
 *fill*         0x0000000020012e99        0x3 
 .bss.ulMaxPRIGROUPValue
                0x0000000020012e9c        0x4 ./FreeRTOS Source/portable/GCC/ARM_CM4F/port.o
 .bss.xQueueRegistry
                0x0000000020012ea0       0x40 ./FreeRTOS Source/queue.o
                0x0000000020012ea0                xQueueRegistry
 .bss.pxCurrentTCB
                0x0000000020012ee0        0x4 ./FreeRTOS Source/tasks.o
                0x0000000020012ee0                pxCurrentTCB
 .bss.pxDelayedTaskList
                0x0000000020012ee4        0x4 ./FreeRTOS Source/tasks.o
 .bss.pxOverflowDelayedTaskList
                0x0000000020012ee8        0x4 ./FreeRTOS Source/tasks.o
 .bss.pxReadyTasksLists
                0x0000000020012eec       0x64 ./FreeRTOS Source/tasks.o
 .bss.uxCurrentNumberOfTasks
                0x0000000020012f50        0x4 ./FreeRTOS Source/tasks.o
 .bss.uxDeletedTasksWaitingCleanUp
                0x0000000020012f54        0x4 ./FreeRTOS Source/tasks.o
 .bss.uxPendedTicks
                0x0000000020012f58        0x4 ./FreeRTOS Source/tasks.o
 .bss.uxSchedulerSuspended
                0x0000000020012f5c        0x4 ./FreeRTOS Source/tasks.o
 .bss.uxTaskNumber
                0x0000000020012f60        0x4 ./FreeRTOS Source/tasks.o
 .bss.uxTopReadyPriority
                0x0000000020012f64        0x4 ./FreeRTOS Source/tasks.o
 .bss.xDelayedTaskList1
                0x0000000020012f68       0x14 ./FreeRTOS Source/tasks.o
 .bss.xDelayedTaskList2
                0x0000000020012f7c       0x14 ./FreeRTOS Source/tasks.o
 .bss.xIdleTaskHandle
                0x0000000020012f90        0x4 ./FreeRTOS Source/tasks.o
 .bss.xNextTaskUnblockTime
                0x0000000020012f94        0x4 ./FreeRTOS Source/tasks.o
 .bss.xNumOfOverflows
                0x0000000020012f98        0x4 ./FreeRTOS Source/tasks.o
 .bss.xPendingReadyList
                0x0000000020012f9c       0x14 ./FreeRTOS Source/tasks.o
 .bss.xSchedulerRunning
                0x0000000020012fb0        0x4 ./FreeRTOS Source/tasks.o
 .bss.xSuspendedTaskList
                0x0000000020012fb4       0x14 ./FreeRTOS Source/tasks.o
 .bss.xTasksWaitingTermination
                0x0000000020012fc8       0x14 ./FreeRTOS Source/tasks.o
 .bss.xTickCount
                0x0000000020012fdc        0x4 ./FreeRTOS Source/tasks.o
 .bss.xYieldPending
                0x0000000020012fe0        0x4 ./FreeRTOS Source/tasks.o
 .bss.pxCurrentTimerList
                0x0000000020012fe4        0x4 ./FreeRTOS Source/timers.o
 .bss.pxOverflowTimerList
                0x0000000020012fe8        0x4 ./FreeRTOS Source/timers.o
 .bss.xActiveTimerList1
                0x0000000020012fec       0x14 ./FreeRTOS Source/timers.o
 .bss.xActiveTimerList2
                0x0000000020013000       0x14 ./FreeRTOS Source/timers.o
 .bss.xLastTime.0
                0x0000000020013014        0x4 ./FreeRTOS Source/timers.o
 .bss.xTimerQueue
                0x0000000020013018        0x4 ./FreeRTOS Source/timers.o
 .bss.xTimerTaskHandle
                0x000000002001301c        0x4 ./FreeRTOS Source/timers.o
 .bss.__lock___malloc_recursive_mutex
                0x0000000020013020        0x1 c:/users/omar/appdata/roaming/xpacks/@xpack-dev-tools/arm-none-eabi-gcc/10.3.1-2.3.1/.content/bin/../lib/gcc/arm-none-eabi/10.3.1/../../../../arm-none-eabi/lib/thumb/v7e-m+fp/softfp\libg_nano.a(lib_a-lock.o)
                0x0000000020013020                __lock___malloc_recursive_mutex
 *fill*         0x0000000020013021        0x3 
 .bss.__malloc_free_list
                0x0000000020013024        0x4 c:/users/omar/appdata/roaming/xpacks/@xpack-dev-tools/arm-none-eabi-gcc/10.3.1-2.3.1/.content/bin/../lib/gcc/arm-none-eabi/10.3.1/../../../../arm-none-eabi/lib/thumb/v7e-m+fp/softfp\libg_nano.a(lib_a-nano-mallocr.o)
                0x0000000020013024                __malloc_free_list
 .bss.__malloc_sbrk_start
                0x0000000020013028        0x4 c:/users/omar/appdata/roaming/xpacks/@xpack-dev-tools/arm-none-eabi-gcc/10.3.1-2.3.1/.content/bin/../lib/gcc/arm-none-eabi/10.3.1/../../../../arm-none-eabi/lib/thumb/v7e-m+fp/softfp\libg_nano.a(lib_a-nano-mallocr.o)
                0x0000000020013028                __malloc_sbrk_start
 *(COMMON)
 *(.bss_end .bss_end.*)
 .bss_end       0x000000002001302c        0x4 ./system/src/newlib/startup.o
                0x0000000020013030                . = ALIGN (0x4)
                0x0000000020013030                __bss_end__ = .
                0x0000000020013030                _ebss = .

.noinit_CCMRAM
 *(.noinit.CCMRAM .noinit.CCMRAM.*)

.noinit         0x0000000020013030        0x0
                0x0000000020013030                _noinit = .
 *(.noinit .noinit.*)
                0x0000000020013030                . = ALIGN (0x4)
                0x0000000020013030                _end_noinit = .
                [!provide]                        PROVIDE (end = _end_noinit)
                [!provide]                        PROVIDE (_end = _end_noinit)
                [!provide]                        PROVIDE (__end = _end_noinit)
                [!provide]                        PROVIDE (__end__ = _end_noinit)

._check_stack   0x0000000020013030      0x100
                0x0000000020013130                . = (. + _Minimum_Stack_Size)
 *fill*         0x0000000020013030      0x100 

.b1text
 *(.b1text)
 *(.b1rodata)
 *(.b1rodata.*)

.eb0text
 *(.eb0text)
 *(.eb0rodata)
 *(.eb0rodata.*)

.eb1text
 *(.eb1text)
 *(.eb1rodata)
 *(.eb1rodata.*)

.eb2text
 *(.eb2text)
 *(.eb2rodata)
 *(.eb2rodata.*)

.eb3text
 *(.eb3text)
 *(.eb3rodata)
 *(.eb3rodata.*)

.stab
 *(.stab)

.stabstr
 *(.stabstr)

.stab.excl
 *(.stab.excl)

.stab.exclstr
 *(.stab.exclstr)

.stab.index
 *(.stab.index)

.stab.indexstr
 *(.stab.indexstr)

.comment        0x0000000000000000       0x43
 *(.comment)
 .comment       0x0000000000000000       0x43 ./system/src/stm32f4-hal/stm32f4xx_hal.o
                                         0x44 (size before relaxing)
 .comment       0x0000000000000043       0x44 ./system/src/stm32f4-hal/stm32f4xx_hal_cortex.o
 .comment       0x0000000000000043       0x44 ./system/src/stm32f4-hal/stm32f4xx_hal_gpio.o
 .comment       0x0000000000000043       0x44 ./system/src/stm32f4-hal/stm32f4xx_hal_rcc.o
 .comment       0x0000000000000043       0x44 ./system/src/newlib/sbrk.o
 .comment       0x0000000000000043       0x44 ./system/src/newlib/startup.o
 .comment       0x0000000000000043       0x44 ./system/src/newlib/syscalls.o
 .comment       0x0000000000000043       0x44 ./system/src/diag/trace-impl.o
 .comment       0x0000000000000043       0x44 ./system/src/diag/trace.o
 .comment       0x0000000000000043       0x44 ./system/src/cortexm/exception-handlers.o
 .comment       0x0000000000000043       0x44 ./system/src/cortexm/initialize-hardware.o
 .comment       0x0000000000000043       0x44 ./system/src/cmsis/system_stm32f4xx.o
 .comment       0x0000000000000043       0x44 ./system/src/cmsis/vectors_stm32f407xx.o
 .comment       0x0000000000000043       0x44 ./src/initialize-hardware.o
 .comment       0x0000000000000043       0x44 ./src/led.o
 .comment       0x0000000000000043       0x44 ./src/main.o
 .comment       0x0000000000000043       0x44 ./src/stm32f4xx_hal_msp.o
 .comment       0x0000000000000043       0x44 ./FreeRTOS Source/portable/MemMang/heap_4.o
 .comment       0x0000000000000043       0x44 ./FreeRTOS Source/portable/GCC/ARM_CM4F/port.o
 .comment       0x0000000000000043       0x44 ./FreeRTOS Source/list.o
 .comment       0x0000000000000043       0x44 ./FreeRTOS Source/queue.o
 .comment       0x0000000000000043       0x44 ./FreeRTOS Source/tasks.o
 .comment       0x0000000000000043       0x44 ./FreeRTOS Source/timers.o
 .comment       0x0000000000000043       0x44 c:/users/omar/appdata/roaming/xpacks/@xpack-dev-tools/arm-none-eabi-gcc/10.3.1-2.3.1/.content/bin/../lib/gcc/arm-none-eabi/10.3.1/thumb/v7e-m+fp/softfp\libgcc.a(_udivmoddi4.o)
 .comment       0x0000000000000043       0x44 c:/users/omar/appdata/roaming/xpacks/@xpack-dev-tools/arm-none-eabi-gcc/10.3.1-2.3.1/.content/bin/../lib/gcc/arm-none-eabi/10.3.1/../../../../arm-none-eabi/lib/thumb/v7e-m+fp/softfp\libg_nano.a(lib_a-ctype_.o)
 .comment       0x0000000000000043       0x44 c:/users/omar/appdata/roaming/xpacks/@xpack-dev-tools/arm-none-eabi-gcc/10.3.1-2.3.1/.content/bin/../lib/gcc/arm-none-eabi/10.3.1/../../../../arm-none-eabi/lib/thumb/v7e-m+fp/softfp\libg_nano.a(lib_a-errno.o)
 .comment       0x0000000000000043       0x44 c:/users/omar/appdata/roaming/xpacks/@xpack-dev-tools/arm-none-eabi-gcc/10.3.1-2.3.1/.content/bin/../lib/gcc/arm-none-eabi/10.3.1/../../../../arm-none-eabi/lib/thumb/v7e-m+fp/softfp\libg_nano.a(lib_a-findfp.o)
 .comment       0x0000000000000043       0x44 c:/users/omar/appdata/roaming/xpacks/@xpack-dev-tools/arm-none-eabi-gcc/10.3.1-2.3.1/.content/bin/../lib/gcc/arm-none-eabi/10.3.1/../../../../arm-none-eabi/lib/thumb/v7e-m+fp/softfp\libg_nano.a(lib_a-impure.o)
 .comment       0x0000000000000043       0x44 c:/users/omar/appdata/roaming/xpacks/@xpack-dev-tools/arm-none-eabi-gcc/10.3.1-2.3.1/.content/bin/../lib/gcc/arm-none-eabi/10.3.1/../../../../arm-none-eabi/lib/thumb/v7e-m+fp/softfp\libg_nano.a(lib_a-lock.o)
 .comment       0x0000000000000043       0x44 c:/users/omar/appdata/roaming/xpacks/@xpack-dev-tools/arm-none-eabi-gcc/10.3.1-2.3.1/.content/bin/../lib/gcc/arm-none-eabi/10.3.1/../../../../arm-none-eabi/lib/thumb/v7e-m+fp/softfp\libg_nano.a(lib_a-memcpy-stub.o)
 .comment       0x0000000000000043       0x44 c:/users/omar/appdata/roaming/xpacks/@xpack-dev-tools/arm-none-eabi-gcc/10.3.1-2.3.1/.content/bin/../lib/gcc/arm-none-eabi/10.3.1/../../../../arm-none-eabi/lib/thumb/v7e-m+fp/softfp\libg_nano.a(lib_a-memset.o)
 .comment       0x0000000000000043       0x44 c:/users/omar/appdata/roaming/xpacks/@xpack-dev-tools/arm-none-eabi-gcc/10.3.1-2.3.1/.content/bin/../lib/gcc/arm-none-eabi/10.3.1/../../../../arm-none-eabi/lib/thumb/v7e-m+fp/softfp\libg_nano.a(lib_a-nano-mallocr.o)
 .comment       0x0000000000000043       0x44 c:/users/omar/appdata/roaming/xpacks/@xpack-dev-tools/arm-none-eabi-gcc/10.3.1-2.3.1/.content/bin/../lib/gcc/arm-none-eabi/10.3.1/../../../../arm-none-eabi/lib/thumb/v7e-m+fp/softfp\libg_nano.a(lib_a-sbrkr.o)
 .comment       0x0000000000000043       0x44 c:/users/omar/appdata/roaming/xpacks/@xpack-dev-tools/arm-none-eabi-gcc/10.3.1-2.3.1/.content/bin/../lib/gcc/arm-none-eabi/10.3.1/../../../../arm-none-eabi/lib/thumb/v7e-m+fp/softfp\libg_nano.a(lib_a-vsnprintf.o)
 .comment       0x0000000000000043       0x44 c:/users/omar/appdata/roaming/xpacks/@xpack-dev-tools/arm-none-eabi-gcc/10.3.1-2.3.1/.content/bin/../lib/gcc/arm-none-eabi/10.3.1/../../../../arm-none-eabi/lib/thumb/v7e-m+fp/softfp\libg_nano.a(lib_a-mlock.o)
 .comment       0x0000000000000043       0x44 c:/users/omar/appdata/roaming/xpacks/@xpack-dev-tools/arm-none-eabi-gcc/10.3.1-2.3.1/.content/bin/../lib/gcc/arm-none-eabi/10.3.1/../../../../arm-none-eabi/lib/thumb/v7e-m+fp/softfp\libg_nano.a(lib_a-nano-freer.o)
 .comment       0x0000000000000043       0x44 c:/users/omar/appdata/roaming/xpacks/@xpack-dev-tools/arm-none-eabi-gcc/10.3.1-2.3.1/.content/bin/../lib/gcc/arm-none-eabi/10.3.1/../../../../arm-none-eabi/lib/thumb/v7e-m+fp/softfp\libg_nano.a(lib_a-nano-svfprintf.o)
 .comment       0x0000000000000043       0x44 c:/users/omar/appdata/roaming/xpacks/@xpack-dev-tools/arm-none-eabi-gcc/10.3.1-2.3.1/.content/bin/../lib/gcc/arm-none-eabi/10.3.1/../../../../arm-none-eabi/lib/thumb/v7e-m+fp/softfp\libg_nano.a(lib_a-nano-vfprintf_i.o)
 .comment       0x0000000000000043       0x44 c:/users/omar/appdata/roaming/xpacks/@xpack-dev-tools/arm-none-eabi-gcc/10.3.1-2.3.1/.content/bin/../lib/gcc/arm-none-eabi/10.3.1/../../../../arm-none-eabi/lib/thumb/v7e-m+fp/softfp\libg_nano.a(lib_a-memmove.o)
 .comment       0x0000000000000043       0x44 c:/users/omar/appdata/roaming/xpacks/@xpack-dev-tools/arm-none-eabi-gcc/10.3.1-2.3.1/.content/bin/../lib/gcc/arm-none-eabi/10.3.1/../../../../arm-none-eabi/lib/thumb/v7e-m+fp/softfp\libg_nano.a(lib_a-nano-reallocr.o)
 .comment       0x0000000000000043       0x44 c:/users/omar/appdata/roaming/xpacks/@xpack-dev-tools/arm-none-eabi-gcc/10.3.1-2.3.1/.content/bin/../lib/gcc/arm-none-eabi/10.3.1/../../../../arm-none-eabi/lib/thumb/v7e-m+fp/softfp\libg_nano.a(lib_a-nano-msizer.o)

.ARM.attributes
                0x0000000000000000       0x30
 .ARM.attributes
                0x0000000000000000       0x32 ./system/src/stm32f4-hal/stm32f4xx_hal.o
 .ARM.attributes
                0x0000000000000032       0x32 ./system/src/stm32f4-hal/stm32f4xx_hal_cortex.o
 .ARM.attributes
                0x0000000000000064       0x32 ./system/src/stm32f4-hal/stm32f4xx_hal_gpio.o
 .ARM.attributes
                0x0000000000000096       0x32 ./system/src/stm32f4-hal/stm32f4xx_hal_rcc.o
 .ARM.attributes
                0x00000000000000c8       0x32 ./system/src/newlib/sbrk.o
 .ARM.attributes
                0x00000000000000fa       0x32 ./system/src/newlib/startup.o
 .ARM.attributes
                0x000000000000012c       0x32 ./system/src/newlib/syscalls.o
 .ARM.attributes
                0x000000000000015e       0x32 ./system/src/diag/trace-impl.o
 .ARM.attributes
                0x0000000000000190       0x32 ./system/src/diag/trace.o
 .ARM.attributes
                0x00000000000001c2       0x32 ./system/src/cortexm/exception-handlers.o
 .ARM.attributes
                0x00000000000001f4       0x32 ./system/src/cortexm/initialize-hardware.o
 .ARM.attributes
                0x0000000000000226       0x32 ./system/src/cmsis/system_stm32f4xx.o
 .ARM.attributes
                0x0000000000000258       0x32 ./system/src/cmsis/vectors_stm32f407xx.o
 .ARM.attributes
                0x000000000000028a       0x32 ./src/initialize-hardware.o
 .ARM.attributes
                0x00000000000002bc       0x32 ./src/led.o
 .ARM.attributes
                0x00000000000002ee       0x32 ./src/main.o
 .ARM.attributes
                0x0000000000000320       0x32 ./src/stm32f4xx_hal_msp.o
 .ARM.attributes
                0x0000000000000352       0x32 ./FreeRTOS Source/portable/MemMang/heap_4.o
 .ARM.attributes
                0x0000000000000384       0x32 ./FreeRTOS Source/portable/GCC/ARM_CM4F/port.o
 .ARM.attributes
                0x00000000000003b6       0x32 ./FreeRTOS Source/list.o
 .ARM.attributes
                0x00000000000003e8       0x32 ./FreeRTOS Source/queue.o
 .ARM.attributes
                0x000000000000041a       0x32 ./FreeRTOS Source/tasks.o
 .ARM.attributes
                0x000000000000044c       0x32 ./FreeRTOS Source/timers.o
 .ARM.attributes
                0x000000000000047e       0x1e c:/users/omar/appdata/roaming/xpacks/@xpack-dev-tools/arm-none-eabi-gcc/10.3.1-2.3.1/.content/bin/../lib/gcc/arm-none-eabi/10.3.1/thumb/v7e-m+fp/softfp\libgcc.a(_aeabi_uldivmod.o)
 .ARM.attributes
                0x000000000000049c       0x32 c:/users/omar/appdata/roaming/xpacks/@xpack-dev-tools/arm-none-eabi-gcc/10.3.1-2.3.1/.content/bin/../lib/gcc/arm-none-eabi/10.3.1/thumb/v7e-m+fp/softfp\libgcc.a(_udivmoddi4.o)
 .ARM.attributes
                0x00000000000004ce       0x1e c:/users/omar/appdata/roaming/xpacks/@xpack-dev-tools/arm-none-eabi-gcc/10.3.1-2.3.1/.content/bin/../lib/gcc/arm-none-eabi/10.3.1/thumb/v7e-m+fp/softfp\libgcc.a(_dvmd_tls.o)
 .ARM.attributes
                0x00000000000004ec       0x32 c:/users/omar/appdata/roaming/xpacks/@xpack-dev-tools/arm-none-eabi-gcc/10.3.1-2.3.1/.content/bin/../lib/gcc/arm-none-eabi/10.3.1/../../../../arm-none-eabi/lib/thumb/v7e-m+fp/softfp\libg_nano.a(lib_a-ctype_.o)
 .ARM.attributes
                0x000000000000051e       0x32 c:/users/omar/appdata/roaming/xpacks/@xpack-dev-tools/arm-none-eabi-gcc/10.3.1-2.3.1/.content/bin/../lib/gcc/arm-none-eabi/10.3.1/../../../../arm-none-eabi/lib/thumb/v7e-m+fp/softfp\libg_nano.a(lib_a-errno.o)
 .ARM.attributes
                0x0000000000000550       0x32 c:/users/omar/appdata/roaming/xpacks/@xpack-dev-tools/arm-none-eabi-gcc/10.3.1-2.3.1/.content/bin/../lib/gcc/arm-none-eabi/10.3.1/../../../../arm-none-eabi/lib/thumb/v7e-m+fp/softfp\libg_nano.a(lib_a-findfp.o)
 .ARM.attributes
                0x0000000000000582       0x32 c:/users/omar/appdata/roaming/xpacks/@xpack-dev-tools/arm-none-eabi-gcc/10.3.1-2.3.1/.content/bin/../lib/gcc/arm-none-eabi/10.3.1/../../../../arm-none-eabi/lib/thumb/v7e-m+fp/softfp\libg_nano.a(lib_a-impure.o)
 .ARM.attributes
                0x00000000000005b4       0x32 c:/users/omar/appdata/roaming/xpacks/@xpack-dev-tools/arm-none-eabi-gcc/10.3.1-2.3.1/.content/bin/../lib/gcc/arm-none-eabi/10.3.1/../../../../arm-none-eabi/lib/thumb/v7e-m+fp/softfp\libg_nano.a(lib_a-lock.o)
 .ARM.attributes
                0x00000000000005e6       0x32 c:/users/omar/appdata/roaming/xpacks/@xpack-dev-tools/arm-none-eabi-gcc/10.3.1-2.3.1/.content/bin/../lib/gcc/arm-none-eabi/10.3.1/../../../../arm-none-eabi/lib/thumb/v7e-m+fp/softfp\libg_nano.a(lib_a-memcpy-stub.o)
 .ARM.attributes
                0x0000000000000618       0x32 c:/users/omar/appdata/roaming/xpacks/@xpack-dev-tools/arm-none-eabi-gcc/10.3.1-2.3.1/.content/bin/../lib/gcc/arm-none-eabi/10.3.1/../../../../arm-none-eabi/lib/thumb/v7e-m+fp/softfp\libg_nano.a(lib_a-memset.o)
 .ARM.attributes
                0x000000000000064a       0x32 c:/users/omar/appdata/roaming/xpacks/@xpack-dev-tools/arm-none-eabi-gcc/10.3.1-2.3.1/.content/bin/../lib/gcc/arm-none-eabi/10.3.1/../../../../arm-none-eabi/lib/thumb/v7e-m+fp/softfp\libg_nano.a(lib_a-nano-mallocr.o)
 .ARM.attributes
                0x000000000000067c       0x32 c:/users/omar/appdata/roaming/xpacks/@xpack-dev-tools/arm-none-eabi-gcc/10.3.1-2.3.1/.content/bin/../lib/gcc/arm-none-eabi/10.3.1/../../../../arm-none-eabi/lib/thumb/v7e-m+fp/softfp\libg_nano.a(lib_a-sbrkr.o)
 .ARM.attributes
                0x00000000000006ae       0x1c c:/users/omar/appdata/roaming/xpacks/@xpack-dev-tools/arm-none-eabi-gcc/10.3.1-2.3.1/.content/bin/../lib/gcc/arm-none-eabi/10.3.1/../../../../arm-none-eabi/lib/thumb/v7e-m+fp/softfp\libg_nano.a(lib_a-strcmp.o)
 .ARM.attributes
                0x00000000000006ca       0x17 c:/users/omar/appdata/roaming/xpacks/@xpack-dev-tools/arm-none-eabi-gcc/10.3.1-2.3.1/.content/bin/../lib/gcc/arm-none-eabi/10.3.1/../../../../arm-none-eabi/lib/thumb/v7e-m+fp/softfp\libg_nano.a(lib_a-strlen.o)
 .ARM.attributes
                0x00000000000006e1       0x32 c:/users/omar/appdata/roaming/xpacks/@xpack-dev-tools/arm-none-eabi-gcc/10.3.1-2.3.1/.content/bin/../lib/gcc/arm-none-eabi/10.3.1/../../../../arm-none-eabi/lib/thumb/v7e-m+fp/softfp\libg_nano.a(lib_a-vsnprintf.o)
 .ARM.attributes
                0x0000000000000713       0x32 c:/users/omar/appdata/roaming/xpacks/@xpack-dev-tools/arm-none-eabi-gcc/10.3.1-2.3.1/.content/bin/../lib/gcc/arm-none-eabi/10.3.1/../../../../arm-none-eabi/lib/thumb/v7e-m+fp/softfp\libg_nano.a(lib_a-mlock.o)
 .ARM.attributes
                0x0000000000000745       0x32 c:/users/omar/appdata/roaming/xpacks/@xpack-dev-tools/arm-none-eabi-gcc/10.3.1-2.3.1/.content/bin/../lib/gcc/arm-none-eabi/10.3.1/../../../../arm-none-eabi/lib/thumb/v7e-m+fp/softfp\libg_nano.a(lib_a-nano-freer.o)
 .ARM.attributes
                0x0000000000000777       0x32 c:/users/omar/appdata/roaming/xpacks/@xpack-dev-tools/arm-none-eabi-gcc/10.3.1-2.3.1/.content/bin/../lib/gcc/arm-none-eabi/10.3.1/../../../../arm-none-eabi/lib/thumb/v7e-m+fp/softfp\libg_nano.a(lib_a-nano-svfprintf.o)
 .ARM.attributes
                0x00000000000007a9       0x32 c:/users/omar/appdata/roaming/xpacks/@xpack-dev-tools/arm-none-eabi-gcc/10.3.1-2.3.1/.content/bin/../lib/gcc/arm-none-eabi/10.3.1/../../../../arm-none-eabi/lib/thumb/v7e-m+fp/softfp\libg_nano.a(lib_a-nano-vfprintf_i.o)
 .ARM.attributes
                0x00000000000007db       0x1c c:/users/omar/appdata/roaming/xpacks/@xpack-dev-tools/arm-none-eabi-gcc/10.3.1-2.3.1/.content/bin/../lib/gcc/arm-none-eabi/10.3.1/../../../../arm-none-eabi/lib/thumb/v7e-m+fp/softfp\libg_nano.a(lib_a-memchr.o)
 .ARM.attributes
                0x00000000000007f7       0x32 c:/users/omar/appdata/roaming/xpacks/@xpack-dev-tools/arm-none-eabi-gcc/10.3.1-2.3.1/.content/bin/../lib/gcc/arm-none-eabi/10.3.1/../../../../arm-none-eabi/lib/thumb/v7e-m+fp/softfp\libg_nano.a(lib_a-memmove.o)
 .ARM.attributes
                0x0000000000000829       0x32 c:/users/omar/appdata/roaming/xpacks/@xpack-dev-tools/arm-none-eabi-gcc/10.3.1-2.3.1/.content/bin/../lib/gcc/arm-none-eabi/10.3.1/../../../../arm-none-eabi/lib/thumb/v7e-m+fp/softfp\libg_nano.a(lib_a-nano-reallocr.o)
 .ARM.attributes
                0x000000000000085b       0x32 c:/users/omar/appdata/roaming/xpacks/@xpack-dev-tools/arm-none-eabi-gcc/10.3.1-2.3.1/.content/bin/../lib/gcc/arm-none-eabi/10.3.1/../../../../arm-none-eabi/lib/thumb/v7e-m+fp/softfp\libg_nano.a(lib_a-nano-msizer.o)

.debug
 *(.debug)

.line
 *(.line)

.debug_srcinfo
 *(.debug_srcinfo)

.debug_sfnames
 *(.debug_sfnames)

.debug_aranges  0x0000000000000000      0xb20
 *(.debug_aranges)
 .debug_aranges
                0x0000000000000000       0xf0 ./system/src/stm32f4-hal/stm32f4xx_hal.o
 .debug_aranges
                0x00000000000000f0       0xa8 ./system/src/stm32f4-hal/stm32f4xx_hal_cortex.o
 .debug_aranges
                0x0000000000000198       0x58 ./system/src/stm32f4-hal/stm32f4xx_hal_gpio.o
 .debug_aranges
                0x00000000000001f0       0x88 ./system/src/stm32f4-hal/stm32f4xx_hal_rcc.o
 .debug_aranges
                0x0000000000000278       0x20 ./system/src/newlib/sbrk.o
 .debug_aranges
                0x0000000000000298       0x40 ./system/src/newlib/startup.o
 .debug_aranges
                0x00000000000002d8      0x120 ./system/src/newlib/syscalls.o
 .debug_aranges
                0x00000000000003f8       0x30 ./system/src/diag/trace-impl.o
 .debug_aranges
                0x0000000000000428       0x38 ./system/src/diag/trace.o
 .debug_aranges
                0x0000000000000460       0x90 ./system/src/cortexm/exception-handlers.o
 .debug_aranges
                0x00000000000004f0       0x28 ./system/src/cortexm/initialize-hardware.o
 .debug_aranges
                0x0000000000000518       0x28 ./system/src/cmsis/system_stm32f4xx.o
 .debug_aranges
                0x0000000000000540       0x20 ./system/src/cmsis/vectors_stm32f407xx.o
 .debug_aranges
                0x0000000000000560       0x30 ./src/initialize-hardware.o
 .debug_aranges
                0x0000000000000590       0x48 ./src/led.o
 .debug_aranges
                0x00000000000005d8       0x60 ./src/main.o
 .debug_aranges
                0x0000000000000638       0x38 ./src/stm32f4xx_hal_msp.o
 .debug_aranges
                0x0000000000000670       0x50 ./FreeRTOS Source/portable/MemMang/heap_4.o
 .debug_aranges
                0x00000000000006c0       0x78 ./FreeRTOS Source/portable/GCC/ARM_CM4F/port.o
 .debug_aranges
                0x0000000000000738       0x40 ./FreeRTOS Source/list.o
 .debug_aranges
                0x0000000000000778      0x118 ./FreeRTOS Source/queue.o
 .debug_aranges
                0x0000000000000890      0x1d8 ./FreeRTOS Source/tasks.o
 .debug_aranges
                0x0000000000000a68       0xb8 ./FreeRTOS Source/timers.o

.debug_pubnames
 *(.debug_pubnames)

.debug_info     0x0000000000000000     0xf20c
 *(.debug_info .gnu.linkonce.wi.*)
 .debug_info    0x0000000000000000      0xa37 ./system/src/stm32f4-hal/stm32f4xx_hal.o
 .debug_info    0x0000000000000a37     0x1340 ./system/src/stm32f4-hal/stm32f4xx_hal_cortex.o
 .debug_info    0x0000000000001d77      0x930 ./system/src/stm32f4-hal/stm32f4xx_hal_gpio.o
 .debug_info    0x00000000000026a7      0xda2 ./system/src/stm32f4-hal/stm32f4xx_hal_rcc.o
 .debug_info    0x0000000000003449      0x112 ./system/src/newlib/sbrk.o
 .debug_info    0x000000000000355b      0x57f ./system/src/newlib/startup.o
 .debug_info    0x0000000000003ada     0x22f4 ./system/src/newlib/syscalls.o
 .debug_info    0x0000000000005dce      0x320 ./system/src/diag/trace-impl.o
 .debug_info    0x00000000000060ee      0x30b ./system/src/diag/trace.o
 .debug_info    0x00000000000063f9      0xa4f ./system/src/cortexm/exception-handlers.o
 .debug_info    0x0000000000006e48      0x2cb ./system/src/cortexm/initialize-hardware.o
 .debug_info    0x0000000000007113      0x53c ./system/src/cmsis/system_stm32f4xx.o
 .debug_info    0x000000000000764f       0xce ./system/src/cmsis/vectors_stm32f407xx.o
 .debug_info    0x000000000000771d      0x59b ./src/initialize-hardware.o
 .debug_info    0x0000000000007cb8      0x513 ./src/led.o
 .debug_info    0x00000000000081cb      0x799 ./src/main.o
 .debug_info    0x0000000000008964       0xbf ./src/stm32f4xx_hal_msp.o
 .debug_info    0x0000000000008a23      0x4c8 ./FreeRTOS Source/portable/MemMang/heap_4.o
 .debug_info    0x0000000000008eeb      0x534 ./FreeRTOS Source/portable/GCC/ARM_CM4F/port.o
 .debug_info    0x000000000000941f      0x2d9 ./FreeRTOS Source/list.o
 .debug_info    0x00000000000096f8     0x1cfd ./FreeRTOS Source/queue.o
 .debug_info    0x000000000000b3f5     0x2c5c ./FreeRTOS Source/tasks.o
 .debug_info    0x000000000000e051     0x11bb ./FreeRTOS Source/timers.o

.debug_abbrev   0x0000000000000000     0x2ded
 *(.debug_abbrev)
 .debug_abbrev  0x0000000000000000      0x209 ./system/src/stm32f4-hal/stm32f4xx_hal.o
 .debug_abbrev  0x0000000000000209      0x38a ./system/src/stm32f4-hal/stm32f4xx_hal_cortex.o
 .debug_abbrev  0x0000000000000593      0x22e ./system/src/stm32f4-hal/stm32f4xx_hal_gpio.o
 .debug_abbrev  0x00000000000007c1      0x2a0 ./system/src/stm32f4-hal/stm32f4xx_hal_rcc.o
 .debug_abbrev  0x0000000000000a61       0xcd ./system/src/newlib/sbrk.o
 .debug_abbrev  0x0000000000000b2e      0x1fa ./system/src/newlib/startup.o
 .debug_abbrev  0x0000000000000d28      0x499 ./system/src/newlib/syscalls.o
 .debug_abbrev  0x00000000000011c1      0x1eb ./system/src/diag/trace-impl.o
 .debug_abbrev  0x00000000000013ac      0x173 ./system/src/diag/trace.o
 .debug_abbrev  0x000000000000151f      0x2ba ./system/src/cortexm/exception-handlers.o
 .debug_abbrev  0x00000000000017d9       0xe9 ./system/src/cortexm/initialize-hardware.o
 .debug_abbrev  0x00000000000018c2      0x11c ./system/src/cmsis/system_stm32f4xx.o
 .debug_abbrev  0x00000000000019de       0xa5 ./system/src/cmsis/vectors_stm32f407xx.o
 .debug_abbrev  0x0000000000001a83      0x170 ./src/initialize-hardware.o
 .debug_abbrev  0x0000000000001bf3      0x1bd ./src/led.o
 .debug_abbrev  0x0000000000001db0      0x1ec ./src/main.o
 .debug_abbrev  0x0000000000001f9c       0x47 ./src/stm32f4xx_hal_msp.o
 .debug_abbrev  0x0000000000001fe3      0x259 ./FreeRTOS Source/portable/MemMang/heap_4.o
 .debug_abbrev  0x000000000000223c      0x239 ./FreeRTOS Source/portable/GCC/ARM_CM4F/port.o
 .debug_abbrev  0x0000000000002475      0x102 ./FreeRTOS Source/list.o
 .debug_abbrev  0x0000000000002577      0x2e4 ./FreeRTOS Source/queue.o
 .debug_abbrev  0x000000000000285b      0x35c ./FreeRTOS Source/tasks.o
 .debug_abbrev  0x0000000000002bb7      0x236 ./FreeRTOS Source/timers.o

.debug_line     0x0000000000000000    0x12dd4
 *(.debug_line)
 .debug_line    0x0000000000000000      0xd96 ./system/src/stm32f4-hal/stm32f4xx_hal.o
 .debug_line    0x0000000000000d96     0x10de ./system/src/stm32f4-hal/stm32f4xx_hal_cortex.o
 .debug_line    0x0000000000001e74     0x10b4 ./system/src/stm32f4-hal/stm32f4xx_hal_gpio.o
 .debug_line    0x0000000000002f28     0x1479 ./system/src/stm32f4-hal/stm32f4xx_hal_rcc.o
 .debug_line    0x00000000000043a1      0x3f3 ./system/src/newlib/sbrk.o
 .debug_line    0x0000000000004794      0x6e8 ./system/src/newlib/startup.o
 .debug_line    0x0000000000004e7c     0x11c0 ./system/src/newlib/syscalls.o
 .debug_line    0x000000000000603c      0xc48 ./system/src/diag/trace-impl.o
 .debug_line    0x0000000000006c84      0x4e6 ./system/src/diag/trace.o
 .debug_line    0x000000000000716a      0xfb5 ./system/src/cortexm/exception-handlers.o
 .debug_line    0x000000000000811f      0xa5e ./system/src/cortexm/initialize-hardware.o
 .debug_line    0x0000000000008b7d      0xaf0 ./system/src/cmsis/system_stm32f4xx.o
 .debug_line    0x000000000000966d      0x2f6 ./system/src/cmsis/vectors_stm32f407xx.o
 .debug_line    0x0000000000009963      0xc0b ./src/initialize-hardware.o
 .debug_line    0x000000000000a56e      0xb71 ./src/led.o
 .debug_line    0x000000000000b0df      0x79e ./src/main.o
 .debug_line    0x000000000000b87d      0xa4e ./src/stm32f4xx_hal_msp.o
 .debug_line    0x000000000000c2cb      0x943 ./FreeRTOS Source/portable/MemMang/heap_4.o
 .debug_line    0x000000000000cc0e      0x8a4 ./FreeRTOS Source/portable/GCC/ARM_CM4F/port.o
 .debug_line    0x000000000000d4b2      0x630 ./FreeRTOS Source/list.o
 .debug_line    0x000000000000dae2     0x1b14 ./FreeRTOS Source/queue.o
 .debug_line    0x000000000000f5f6     0x29f4 ./FreeRTOS Source/tasks.o
 .debug_line    0x0000000000011fea      0xdea ./FreeRTOS Source/timers.o

.debug_frame    0x0000000000000000     0x1d08
 *(.debug_frame)
 .debug_frame   0x0000000000000000      0x1f0 ./system/src/stm32f4-hal/stm32f4xx_hal.o
 .debug_frame   0x00000000000001f0      0x19c ./system/src/stm32f4-hal/stm32f4xx_hal_cortex.o
 .debug_frame   0x000000000000038c       0xfc ./system/src/stm32f4-hal/stm32f4xx_hal_gpio.o
 .debug_frame   0x0000000000000488      0x16c ./system/src/stm32f4-hal/stm32f4xx_hal_rcc.o
 .debug_frame   0x00000000000005f4       0x28 ./system/src/newlib/sbrk.o
 .debug_frame   0x000000000000061c       0x7c ./system/src/newlib/startup.o
 .debug_frame   0x0000000000000698      0x3d8 ./system/src/newlib/syscalls.o
 .debug_frame   0x0000000000000a70       0x64 ./system/src/diag/trace-impl.o
 .debug_frame   0x0000000000000ad4       0x94 ./system/src/diag/trace.o
 .debug_frame   0x0000000000000b68      0x164 ./system/src/cortexm/exception-handlers.o
 .debug_frame   0x0000000000000ccc       0x40 ./system/src/cortexm/initialize-hardware.o
 .debug_frame   0x0000000000000d0c       0x30 ./system/src/cmsis/system_stm32f4xx.o
 .debug_frame   0x0000000000000d3c       0x20 ./system/src/cmsis/vectors_stm32f407xx.o
 .debug_frame   0x0000000000000d5c       0x60 ./src/initialize-hardware.o
 .debug_frame   0x0000000000000dbc       0x8c ./src/led.o
 .debug_frame   0x0000000000000e48       0xdc ./src/main.o
 .debug_frame   0x0000000000000f24       0x50 ./src/stm32f4xx_hal_msp.o
 .debug_frame   0x0000000000000f74       0xb0 ./FreeRTOS Source/portable/MemMang/heap_4.o
 .debug_frame   0x0000000000001024       0xf0 ./FreeRTOS Source/portable/GCC/ARM_CM4F/port.o
 .debug_frame   0x0000000000001114       0x70 ./FreeRTOS Source/list.o
 .debug_frame   0x0000000000001184      0x378 ./FreeRTOS Source/queue.o
 .debug_frame   0x00000000000014fc      0x5d8 ./FreeRTOS Source/tasks.o
 .debug_frame   0x0000000000001ad4      0x234 ./FreeRTOS Source/timers.o

.debug_str      0x0000000000000000    0xfe943
 *(.debug_str)
 .debug_str     0x0000000000000000    0xeebb5 ./system/src/stm32f4-hal/stm32f4xx_hal.o
                                      0xeef51 (size before relaxing)
 .debug_str     0x00000000000eebb5      0x3ac ./system/src/stm32f4-hal/stm32f4xx_hal_cortex.o
                                      0xeec90 (size before relaxing)
 .debug_str     0x00000000000eef61      0x27d ./system/src/stm32f4-hal/stm32f4xx_hal_gpio.o
                                      0xee5ed (size before relaxing)
 .debug_str     0x00000000000ef1de      0x3b2 ./system/src/stm32f4-hal/stm32f4xx_hal_rcc.o
                                      0xee80a (size before relaxing)
 .debug_str     0x00000000000ef590     0x34c8 ./system/src/newlib/sbrk.o
                                       0x6bee (size before relaxing)
 .debug_str     0x00000000000f2a58      0x2cb ./system/src/newlib/startup.o
                                       0x6418 (size before relaxing)
 .debug_str     0x00000000000f2d23     0x3f6b ./system/src/newlib/syscalls.o
                                       0xb645 (size before relaxing)
 .debug_str     0x00000000000f6c8e       0xbd ./system/src/diag/trace-impl.o
                                      0xf16d1 (size before relaxing)
 .debug_str     0x00000000000f6d4b      0x162 ./system/src/diag/trace.o
                                       0x7f94 (size before relaxing)
 .debug_str     0x00000000000f6ead      0x1b1 ./system/src/cortexm/exception-handlers.o
                                      0xf28c7 (size before relaxing)
 .debug_str     0x00000000000f705e       0x5d ./system/src/cortexm/initialize-hardware.o
                                      0xee2f0 (size before relaxing)
 .debug_str     0x00000000000f70bb       0x46 ./system/src/cmsis/system_stm32f4xx.o
                                      0xee3de (size before relaxing)
 .debug_str     0x00000000000f7101       0x59 ./system/src/cmsis/vectors_stm32f407xx.o
                                       0x3ce3 (size before relaxing)
 .debug_str     0x00000000000f715a       0x30 ./src/initialize-hardware.o
                                      0xf166b (size before relaxing)
 .debug_str     0x00000000000f718a      0x17f ./src/led.o
                                      0xee4c4 (size before relaxing)
 .debug_str     0x00000000000f7309     0x4a2c ./src/main.o
                                       0xd2f4 (size before relaxing)
 .debug_str     0x00000000000fbd35       0x3d ./src/stm32f4xx_hal_msp.o
                                      0xee21b (size before relaxing)
 .debug_str     0x00000000000fbd72      0x2bf ./FreeRTOS Source/portable/MemMang/heap_4.o
                                       0xa157 (size before relaxing)
 .debug_str     0x00000000000fc031      0x821 ./FreeRTOS Source/portable/GCC/ARM_CM4F/port.o
                                       0x7e24 (size before relaxing)
 .debug_str     0x00000000000fc852      0x125 ./FreeRTOS Source/list.o
                                       0x99fa (size before relaxing)
 .debug_str     0x00000000000fc977      0x8a7 ./FreeRTOS Source/queue.o
                                       0xb183 (size before relaxing)
 .debug_str     0x00000000000fd21e     0x134a ./FreeRTOS Source/tasks.o
                                       0xbf02 (size before relaxing)
 .debug_str     0x00000000000fe568      0x3db ./FreeRTOS Source/timers.o
                                       0xb55f (size before relaxing)

.debug_loc      0x0000000000000000     0x815c
 *(.debug_loc)
 .debug_loc     0x0000000000000000      0x130 ./system/src/stm32f4-hal/stm32f4xx_hal.o
 .debug_loc     0x0000000000000130      0x92e ./system/src/stm32f4-hal/stm32f4xx_hal_cortex.o
 .debug_loc     0x0000000000000a5e      0x66d ./system/src/stm32f4-hal/stm32f4xx_hal_gpio.o
 .debug_loc     0x00000000000010cb      0x56f ./system/src/stm32f4-hal/stm32f4xx_hal_rcc.o
 .debug_loc     0x000000000000163a       0x97 ./system/src/newlib/sbrk.o
 .debug_loc     0x00000000000016d1      0x49b ./system/src/newlib/startup.o
 .debug_loc     0x0000000000001b6c     0x1427 ./system/src/newlib/syscalls.o
 .debug_loc     0x0000000000002f93      0x1a3 ./system/src/diag/trace-impl.o
 .debug_loc     0x0000000000003136      0x118 ./system/src/diag/trace.o
 .debug_loc     0x000000000000324e      0x524 ./system/src/cortexm/exception-handlers.o
 .debug_loc     0x0000000000003772      0x158 ./system/src/cmsis/system_stm32f4xx.o
 .debug_loc     0x00000000000038ca       0x64 ./src/initialize-hardware.o
 .debug_loc     0x000000000000392e       0x78 ./src/led.o
 .debug_loc     0x00000000000039a6       0xe1 ./src/main.o
 .debug_loc     0x0000000000003a87      0x319 ./FreeRTOS Source/portable/MemMang/heap_4.o
 .debug_loc     0x0000000000003da0      0x124 ./FreeRTOS Source/portable/GCC/ARM_CM4F/port.o
 .debug_loc     0x0000000000003ec4       0xad ./FreeRTOS Source/list.o
 .debug_loc     0x0000000000003f71     0x143c ./FreeRTOS Source/queue.o
 .debug_loc     0x00000000000053ad     0x2185 ./FreeRTOS Source/tasks.o
 .debug_loc     0x0000000000007532      0xc2a ./FreeRTOS Source/timers.o

.debug_macinfo
 *(.debug_macinfo)

.debug_weaknames
 *(.debug_weaknames)

.debug_funcnames
 *(.debug_funcnames)

.debug_typenames
 *(.debug_typenames)

.debug_varnames
 *(.debug_varnames)
OUTPUT(Demo.elf elf32-littlearm)
LOAD linker stubs

.debug_ranges   0x0000000000000000      0xc70
 .debug_ranges  0x0000000000000000       0xe0 ./system/src/stm32f4-hal/stm32f4xx_hal.o
 .debug_ranges  0x00000000000000e0      0x128 ./system/src/stm32f4-hal/stm32f4xx_hal_cortex.o
 .debug_ranges  0x0000000000000208       0x48 ./system/src/stm32f4-hal/stm32f4xx_hal_gpio.o
 .debug_ranges  0x0000000000000250       0x90 ./system/src/stm32f4-hal/stm32f4xx_hal_rcc.o
 .debug_ranges  0x00000000000002e0       0x10 ./system/src/newlib/sbrk.o
 .debug_ranges  0x00000000000002f0       0x78 ./system/src/newlib/startup.o
 .debug_ranges  0x0000000000000368      0x128 ./system/src/newlib/syscalls.o
 .debug_ranges  0x0000000000000490       0x38 ./system/src/diag/trace-impl.o
 .debug_ranges  0x00000000000004c8       0x28 ./system/src/diag/trace.o
 .debug_ranges  0x00000000000004f0       0x80 ./system/src/cortexm/exception-handlers.o
 .debug_ranges  0x0000000000000570       0x18 ./system/src/cortexm/initialize-hardware.o
 .debug_ranges  0x0000000000000588       0x18 ./system/src/cmsis/system_stm32f4xx.o
 .debug_ranges  0x00000000000005a0       0x10 ./system/src/cmsis/vectors_stm32f407xx.o
 .debug_ranges  0x00000000000005b0       0x20 ./src/initialize-hardware.o
 .debug_ranges  0x00000000000005d0       0x38 ./src/led.o
 .debug_ranges  0x0000000000000608       0x50 ./src/main.o
 .debug_ranges  0x0000000000000658       0x28 ./src/stm32f4xx_hal_msp.o
 .debug_ranges  0x0000000000000680       0x40 ./FreeRTOS Source/portable/MemMang/heap_4.o
 .debug_ranges  0x00000000000006c0       0x80 ./FreeRTOS Source/portable/GCC/ARM_CM4F/port.o
 .debug_ranges  0x0000000000000740       0x30 ./FreeRTOS Source/list.o
 .debug_ranges  0x0000000000000770      0x180 ./FreeRTOS Source/queue.o
 .debug_ranges  0x00000000000008f0      0x2d8 ./FreeRTOS Source/tasks.o
 .debug_ranges  0x0000000000000bc8       0xa8 ./FreeRTOS Source/timers.o

.debug_macro    0x0000000000000000    0x2a21c
 .debug_macro   0x0000000000000000      0x44c ./system/src/stm32f4-hal/stm32f4xx_hal.o
 .debug_macro   0x000000000000044c      0xa90 ./system/src/stm32f4-hal/stm32f4xx_hal.o
 .debug_macro   0x0000000000000edc      0x3a2 ./system/src/stm32f4-hal/stm32f4xx_hal.o
 .debug_macro   0x000000000000127e       0x2e ./system/src/stm32f4-hal/stm32f4xx_hal.o
 .debug_macro   0x00000000000012ac       0x2f ./system/src/stm32f4-hal/stm32f4xx_hal.o
 .debug_macro   0x00000000000012db       0x22 ./system/src/stm32f4-hal/stm32f4xx_hal.o
 .debug_macro   0x00000000000012fd       0x8e ./system/src/stm32f4-hal/stm32f4xx_hal.o
 .debug_macro   0x000000000000138b       0x51 ./system/src/stm32f4-hal/stm32f4xx_hal.o
 .debug_macro   0x00000000000013dc      0x103 ./system/src/stm32f4-hal/stm32f4xx_hal.o
 .debug_macro   0x00000000000014df       0x6a ./system/src/stm32f4-hal/stm32f4xx_hal.o
 .debug_macro   0x0000000000001549      0x1df ./system/src/stm32f4-hal/stm32f4xx_hal.o
 .debug_macro   0x0000000000001728       0x1c ./system/src/stm32f4-hal/stm32f4xx_hal.o
 .debug_macro   0x0000000000001744       0x22 ./system/src/stm32f4-hal/stm32f4xx_hal.o
 .debug_macro   0x0000000000001766       0xd9 ./system/src/stm32f4-hal/stm32f4xx_hal.o
 .debug_macro   0x000000000000183f     0x102d ./system/src/stm32f4-hal/stm32f4xx_hal.o
 .debug_macro   0x000000000000286c      0x11f ./system/src/stm32f4-hal/stm32f4xx_hal.o
 .debug_macro   0x000000000000298b    0x15e3c ./system/src/stm32f4-hal/stm32f4xx_hal.o
 .debug_macro   0x00000000000187c7       0x43 ./system/src/stm32f4-hal/stm32f4xx_hal.o
 .debug_macro   0x000000000001880a     0x3659 ./system/src/stm32f4-hal/stm32f4xx_hal.o
 .debug_macro   0x000000000001be63      0x174 ./system/src/stm32f4-hal/stm32f4xx_hal.o
 .debug_macro   0x000000000001bfd7       0x5a ./system/src/stm32f4-hal/stm32f4xx_hal.o
 .debug_macro   0x000000000001c031      0x96b ./system/src/stm32f4-hal/stm32f4xx_hal.o
 .debug_macro   0x000000000001c99c      0x9fe ./system/src/stm32f4-hal/stm32f4xx_hal.o
 .debug_macro   0x000000000001d39a      0x117 ./system/src/stm32f4-hal/stm32f4xx_hal.o
 .debug_macro   0x000000000001d4b1      0x13e ./system/src/stm32f4-hal/stm32f4xx_hal.o
 .debug_macro   0x000000000001d5ef       0x27 ./system/src/stm32f4-hal/stm32f4xx_hal.o
 .debug_macro   0x000000000001d616      0x174 ./system/src/stm32f4-hal/stm32f4xx_hal.o
 .debug_macro   0x000000000001d78a      0x287 ./system/src/stm32f4-hal/stm32f4xx_hal.o
 .debug_macro   0x000000000001da11       0x5f ./system/src/stm32f4-hal/stm32f4xx_hal.o
 .debug_macro   0x000000000001da70      0x236 ./system/src/stm32f4-hal/stm32f4xx_hal.o
 .debug_macro   0x000000000001dca6      0x391 ./system/src/stm32f4-hal/stm32f4xx_hal.o
 .debug_macro   0x000000000001e037      0x176 ./system/src/stm32f4-hal/stm32f4xx_hal.o
 .debug_macro   0x000000000001e1ad       0xf9 ./system/src/stm32f4-hal/stm32f4xx_hal.o
 .debug_macro   0x000000000001e2a6      0x40f ./system/src/stm32f4-hal/stm32f4xx_hal.o
 .debug_macro   0x000000000001e6b5       0x22 ./system/src/stm32f4-hal/stm32f4xx_hal.o
 .debug_macro   0x000000000001e6d7       0xea ./system/src/stm32f4-hal/stm32f4xx_hal.o
 .debug_macro   0x000000000001e7c1       0xa0 ./system/src/stm32f4-hal/stm32f4xx_hal.o
 .debug_macro   0x000000000001e861       0x3c ./system/src/stm32f4-hal/stm32f4xx_hal.o
 .debug_macro   0x000000000001e89d       0x1f ./system/src/stm32f4-hal/stm32f4xx_hal.o
 .debug_macro   0x000000000001e8bc      0x1d2 ./system/src/stm32f4-hal/stm32f4xx_hal.o
 .debug_macro   0x000000000001ea8e      0xccf ./system/src/stm32f4-hal/stm32f4xx_hal.o
 .debug_macro   0x000000000001f75d      0x12c ./system/src/stm32f4-hal/stm32f4xx_hal.o
 .debug_macro   0x000000000001f889      0x21e ./system/src/stm32f4-hal/stm32f4xx_hal.o
 .debug_macro   0x000000000001faa7       0x2e ./system/src/stm32f4-hal/stm32f4xx_hal.o
 .debug_macro   0x000000000001fad5      0x543 ./system/src/stm32f4-hal/stm32f4xx_hal.o
 .debug_macro   0x0000000000020018       0x88 ./system/src/stm32f4-hal/stm32f4xx_hal.o
 .debug_macro   0x00000000000200a0       0xea ./system/src/stm32f4-hal/stm32f4xx_hal.o
 .debug_macro   0x000000000002018a      0x184 ./system/src/stm32f4-hal/stm32f4xx_hal.o
 .debug_macro   0x000000000002030e      0x1b5 ./system/src/stm32f4-hal/stm32f4xx_hal.o
 .debug_macro   0x00000000000204c3       0xd6 ./system/src/stm32f4-hal/stm32f4xx_hal.o
 .debug_macro   0x0000000000020599      0x26b ./system/src/stm32f4-hal/stm32f4xx_hal.o
 .debug_macro   0x0000000000020804      0x1a7 ./system/src/stm32f4-hal/stm32f4xx_hal.o
 .debug_macro   0x00000000000209ab       0x46 ./system/src/stm32f4-hal/stm32f4xx_hal.o
 .debug_macro   0x00000000000209f1       0x4a ./system/src/stm32f4-hal/stm32f4xx_hal.o
 .debug_macro   0x0000000000020a3b       0x78 ./system/src/stm32f4-hal/stm32f4xx_hal.o
 .debug_macro   0x0000000000020ab3      0x11a ./system/src/stm32f4-hal/stm32f4xx_hal.o
 .debug_macro   0x0000000000020bcd       0x7e ./system/src/stm32f4-hal/stm32f4xx_hal.o
 .debug_macro   0x0000000000020c4b       0x89 ./system/src/stm32f4-hal/stm32f4xx_hal.o
 .debug_macro   0x0000000000020cd4       0xa4 ./system/src/stm32f4-hal/stm32f4xx_hal.o
 .debug_macro   0x0000000000020d78      0x31a ./system/src/stm32f4-hal/stm32f4xx_hal.o
 .debug_macro   0x0000000000021092      0x405 ./system/src/stm32f4-hal/stm32f4xx_hal.o
 .debug_macro   0x0000000000021497       0xe4 ./system/src/stm32f4-hal/stm32f4xx_hal.o
 .debug_macro   0x000000000002157b      0x861 ./system/src/stm32f4-hal/stm32f4xx_hal.o
 .debug_macro   0x0000000000021ddc      0x1d5 ./system/src/stm32f4-hal/stm32f4xx_hal.o
 .debug_macro   0x0000000000021fb1      0x225 ./system/src/stm32f4-hal/stm32f4xx_hal.o
 .debug_macro   0x00000000000221d6      0x8a0 ./system/src/stm32f4-hal/stm32f4xx_hal.o